<?xml version="1.0" encoding="ISO-8859-1" ?>
<link_info>
   <banner>TI C29 Linker PC v2.0.0.STS</banner>
   <copyright>Copyright (c) 2020 Texas Instruments Incorporated</copyright>
   <command_line>C:\ti\ccs2020\ccs\tools\compiler\ti-cgt-c29_2.0.0.STS\bin\c29lnk -IC:\ti\ccs2020\ccs\tools\compiler\ti-cgt-c29_2.0.0.STS\lib -o led_blink.out --cg_opt_level=1 -mled_blink.map --heap_size=0x400 --stack_size=0x2000 -iC:/ti/f29h85x-sdk_1_02_01_00/source/driverlib/ccs -iC:/ti/f29h85x-sdk_1_02_01_00/source/flash_api/lib -iC:/ti/f29h85x-sdk_1_02_01_00/source/calibration/hrpwm/lib -iC:/ti/f29h85x-sdk_1_02_01_00/source/security/ccs -iC:/ti/f29h85x-sdk_1_02_01_00/source/kernel/nortos/ccs -iC:/ti/f29h85x-sdk_1_02_01_00/source/sdl/ccs -iC:/ti/ccs2020/ccs/tools/compiler/ti-cgt-c29_2.0.0.STS/lib --reread_libs --define=_FLASH --diag_suppress=10325-D --diag_suppress=10063-D --diag_wrap=off --display_error_number --warn_sections --xml_link_info=led_blink_linkInfo.xml --rom_model ./Link.o ./Link_Func.o ./led_ex1_blinky.o ./syscfg/board.o ./syscfg/device.o ./syscfg/ti_drivers_config.o ./syscfg/ti_dpl_config.o ./device/bitfield_structs.o ./device/codestartbranch.o ../f29h85x_flash_lnk.cmd -ldriverlib.lib -lsfo.lib -lF29H85x_NWFlashAPI_v21.00.00.00.lib -lsecurity_drivers.lib -ldpl_nortos.lib -lsdl_debug.lib --start-group -llibc++.a -llibc++abi.a -llibc.a -llibsys.a -llibsysbm.a -llibclang_rt.builtins.a -llibclang_rt.profile.a --end-group</command_line>
   <link_time>0x68f02013</link_time>
   <link_errors>0x0</link_errors>
   <output_file>C:\Users\Silicium Lab\workspace_ccstheia\led_blink\FLASH\led_blink.out</output_file>
   <entry_point>
      <name>code_start</name>
      <address>0x10001000</address>
   </entry_point>
   <input_file_list>
      <input_file id="fl-1">
         <path>C:\Users\Silicium Lab\workspace_ccstheia\led_blink\FLASH\.\</path>
         <kind>object</kind>
         <file>Link.o</file>
         <name>Link.o</name>
      </input_file>
      <input_file id="fl-2">
         <path>C:\Users\Silicium Lab\workspace_ccstheia\led_blink\FLASH\.\</path>
         <kind>object</kind>
         <file>Link_Func.o</file>
         <name>Link_Func.o</name>
      </input_file>
      <input_file id="fl-3">
         <path>C:\Users\Silicium Lab\workspace_ccstheia\led_blink\FLASH\.\</path>
         <kind>object</kind>
         <file>led_ex1_blinky.o</file>
         <name>led_ex1_blinky.o</name>
      </input_file>
      <input_file id="fl-4">
         <path>C:\Users\Silicium Lab\workspace_ccstheia\led_blink\FLASH\.\syscfg\</path>
         <kind>object</kind>
         <file>board.o</file>
         <name>board.o</name>
      </input_file>
      <input_file id="fl-5">
         <path>C:\Users\Silicium Lab\workspace_ccstheia\led_blink\FLASH\.\syscfg\</path>
         <kind>object</kind>
         <file>device.o</file>
         <name>device.o</name>
      </input_file>
      <input_file id="fl-6">
         <path>C:\Users\Silicium Lab\workspace_ccstheia\led_blink\FLASH\.\syscfg\</path>
         <kind>object</kind>
         <file>ti_drivers_config.o</file>
         <name>ti_drivers_config.o</name>
      </input_file>
      <input_file id="fl-7">
         <path>C:\Users\Silicium Lab\workspace_ccstheia\led_blink\FLASH\.\syscfg\</path>
         <kind>object</kind>
         <file>ti_dpl_config.o</file>
         <name>ti_dpl_config.o</name>
      </input_file>
      <input_file id="fl-8">
         <path>C:\Users\Silicium Lab\workspace_ccstheia\led_blink\FLASH\.\device\</path>
         <kind>object</kind>
         <file>bitfield_structs.o</file>
         <name>bitfield_structs.o</name>
      </input_file>
      <input_file id="fl-9">
         <path>C:\Users\Silicium Lab\workspace_ccstheia\led_blink\FLASH\.\device\</path>
         <kind>object</kind>
         <file>codestartbranch.o</file>
         <name>codestartbranch.o</name>
      </input_file>
      <input_file id="fl-19">
         <path>C:\Users\Silicium Lab\workspace_ccstheia\led_blink\FLASH\</path>
         <kind>object</kind>
         <file>&lt;internal&gt;</file>
         <name>&lt;internal&gt;</name>
      </input_file>
      <input_file id="fl-1a">
         <path>C:\ti\f29h85x-sdk_1_02_01_00\source\driverlib\ccs\</path>
         <kind>archive</kind>
         <file>driverlib.lib</file>
         <name>cputimer.o</name>
      </input_file>
      <input_file id="fl-1b">
         <path>C:\ti\f29h85x-sdk_1_02_01_00\source\driverlib\ccs\</path>
         <kind>archive</kind>
         <file>driverlib.lib</file>
         <name>dcc.o</name>
      </input_file>
      <input_file id="fl-1c">
         <path>C:\ti\f29h85x-sdk_1_02_01_00\source\driverlib\ccs\</path>
         <kind>archive</kind>
         <file>driverlib.lib</file>
         <name>erad.o</name>
      </input_file>
      <input_file id="fl-1d">
         <path>C:\ti\f29h85x-sdk_1_02_01_00\source\driverlib\ccs\</path>
         <kind>archive</kind>
         <file>driverlib.lib</file>
         <name>flash.o</name>
      </input_file>
      <input_file id="fl-1e">
         <path>C:\ti\f29h85x-sdk_1_02_01_00\source\driverlib\ccs\</path>
         <kind>archive</kind>
         <file>driverlib.lib</file>
         <name>gpio.o</name>
      </input_file>
      <input_file id="fl-1f">
         <path>C:\ti\f29h85x-sdk_1_02_01_00\source\driverlib\ccs\</path>
         <kind>archive</kind>
         <file>driverlib.lib</file>
         <name>interrupt.o</name>
      </input_file>
      <input_file id="fl-20">
         <path>C:\ti\f29h85x-sdk_1_02_01_00\source\driverlib\ccs\</path>
         <kind>archive</kind>
         <file>driverlib.lib</file>
         <name>sysctl.o</name>
      </input_file>
      <input_file id="fl-21">
         <path>C:\ti\f29h85x-sdk_1_02_01_00\source\driverlib\ccs\</path>
         <kind>archive</kind>
         <file>driverlib.lib</file>
         <name>uart.o</name>
      </input_file>
      <input_file id="fl-22">
         <path>C:\ti\f29h85x-sdk_1_02_01_00\source\driverlib\ccs\</path>
         <kind>archive</kind>
         <file>driverlib.lib</file>
         <name>xbar.o</name>
      </input_file>
      <input_file id="fl-23">
         <path>C:\ti\f29h85x-sdk_1_02_01_00\source\driverlib\ccs\</path>
         <kind>archive</kind>
         <file>driverlib.lib</file>
         <name>bootrom.o</name>
      </input_file>
      <input_file id="fl-24">
         <path>C:\ti\f29h85x-sdk_1_02_01_00\source\driverlib\ccs\</path>
         <kind>archive</kind>
         <file>driverlib.lib</file>
         <name>erroraggregator.o</name>
      </input_file>
      <input_file id="fl-3e">
         <path>C:\ti\ccs2020\ccs\tools\compiler\ti-cgt-c29_2.0.0.STS\lib\c29.c0-ti-none-eabi\c\</path>
         <kind>archive</kind>
         <file>libc.a</file>
         <name>s_sinf.c.obj</name>
      </input_file>
      <input_file id="fl-3f">
         <path>C:\ti\ccs2020\ccs\tools\compiler\ti-cgt-c29_2.0.0.STS\lib\c29.c0-ti-none-eabi\c\</path>
         <kind>archive</kind>
         <file>libc.a</file>
         <name>sprintf.c.obj</name>
      </input_file>
      <input_file id="fl-40">
         <path>C:\ti\ccs2020\ccs\tools\compiler\ti-cgt-c29_2.0.0.STS\lib\c29.c0-ti-none-eabi\c\</path>
         <kind>archive</kind>
         <file>libc.a</file>
         <name>fputc.c.obj</name>
      </input_file>
      <input_file id="fl-41">
         <path>C:\ti\ccs2020\ccs\tools\compiler\ti-cgt-c29_2.0.0.STS\lib\c29.c0-ti-none-eabi\c\</path>
         <kind>archive</kind>
         <file>libc.a</file>
         <name>_io_perm.c.obj</name>
      </input_file>
      <input_file id="fl-42">
         <path>C:\ti\ccs2020\ccs\tools\compiler\ti-cgt-c29_2.0.0.STS\lib\c29.c0-ti-none-eabi\c\</path>
         <kind>archive</kind>
         <file>libc.a</file>
         <name>setvbuf.c.obj</name>
      </input_file>
      <input_file id="fl-43">
         <path>C:\ti\ccs2020\ccs\tools\compiler\ti-cgt-c29_2.0.0.STS\lib\c29.c0-ti-none-eabi\c\</path>
         <kind>archive</kind>
         <file>libc.a</file>
         <name>memcpy.S.obj</name>
      </input_file>
      <input_file id="fl-44">
         <path>C:\ti\ccs2020\ccs\tools\compiler\ti-cgt-c29_2.0.0.STS\lib\c29.c0-ti-none-eabi\c\</path>
         <kind>archive</kind>
         <file>libc.a</file>
         <name>exit.c.obj</name>
      </input_file>
      <input_file id="fl-45">
         <path>C:\ti\ccs2020\ccs\tools\compiler\ti-cgt-c29_2.0.0.STS\lib\c29.c0-ti-none-eabi\c\</path>
         <kind>archive</kind>
         <file>libc.a</file>
         <name>_lock.c.obj</name>
      </input_file>
      <input_file id="fl-46">
         <path>C:\ti\ccs2020\ccs\tools\compiler\ti-cgt-c29_2.0.0.STS\lib\c29.c0-ti-none-eabi\c\</path>
         <kind>archive</kind>
         <file>libc.a</file>
         <name>ctype.c.obj</name>
      </input_file>
      <input_file id="fl-47">
         <path>C:\ti\ccs2020\ccs\tools\compiler\ti-cgt-c29_2.0.0.STS\lib\c29.c0-ti-none-eabi\c\</path>
         <kind>archive</kind>
         <file>libc.a</file>
         <name>defs.c.obj</name>
      </input_file>
      <input_file id="fl-48">
         <path>C:\ti\ccs2020\ccs\tools\compiler\ti-cgt-c29_2.0.0.STS\lib\c29.c0-ti-none-eabi\c\</path>
         <kind>archive</kind>
         <file>libc.a</file>
         <name>memory.c.obj</name>
      </input_file>
      <input_file id="fl-49">
         <path>C:\ti\ccs2020\ccs\tools\compiler\ti-cgt-c29_2.0.0.STS\lib\c29.c0-ti-none-eabi\c\</path>
         <kind>archive</kind>
         <file>libc.a</file>
         <name>memset.c.obj</name>
      </input_file>
      <input_file id="fl-4a">
         <path>C:\ti\ccs2020\ccs\tools\compiler\ti-cgt-c29_2.0.0.STS\lib\c29.c0-ti-none-eabi\c\</path>
         <kind>archive</kind>
         <file>libc.a</file>
         <name>k_rem_pio2.c.obj</name>
      </input_file>
      <input_file id="fl-4b">
         <path>C:\ti\ccs2020\ccs\tools\compiler\ti-cgt-c29_2.0.0.STS\lib\c29.c0-ti-none-eabi\c\</path>
         <kind>archive</kind>
         <file>libc.a</file>
         <name>boot.c.obj</name>
      </input_file>
      <input_file id="fl-4c">
         <path>C:\ti\ccs2020\ccs\tools\compiler\ti-cgt-c29_2.0.0.STS\lib\c29.c0-ti-none-eabi\c\</path>
         <kind>archive</kind>
         <file>libc.a</file>
         <name>autoinit.c.obj</name>
      </input_file>
      <input_file id="fl-4d">
         <path>C:\ti\ccs2020\ccs\tools\compiler\ti-cgt-c29_2.0.0.STS\lib\c29.c0-ti-none-eabi\c\</path>
         <kind>archive</kind>
         <file>libc.a</file>
         <name>pre_init.c.obj</name>
      </input_file>
      <input_file id="fl-4e">
         <path>C:\ti\ccs2020\ccs\tools\compiler\ti-cgt-c29_2.0.0.STS\lib\c29.c0-ti-none-eabi\c\</path>
         <kind>archive</kind>
         <file>libc.a</file>
         <name>startup.c.obj</name>
      </input_file>
      <input_file id="fl-4f">
         <path>C:\ti\ccs2020\ccs\tools\compiler\ti-cgt-c29_2.0.0.STS\lib\c29.c0-ti-none-eabi\c\</path>
         <kind>archive</kind>
         <file>libc.a</file>
         <name>cpy_tbl.c.obj</name>
      </input_file>
      <input_file id="fl-50">
         <path>C:\ti\ccs2020\ccs\tools\compiler\ti-cgt-c29_2.0.0.STS\lib\c29.c0-ti-none-eabi\c\</path>
         <kind>archive</kind>
         <file>libc.a</file>
         <name>copy_zero_init.c.obj</name>
      </input_file>
      <input_file id="fl-51">
         <path>C:\ti\ccs2020\ccs\tools\compiler\ti-cgt-c29_2.0.0.STS\lib\c29.c0-ti-none-eabi\c\</path>
         <kind>archive</kind>
         <file>libc.a</file>
         <name>copy_decompress_none.c.obj</name>
      </input_file>
      <input_file id="fl-52">
         <path>C:\ti\ccs2020\ccs\tools\compiler\ti-cgt-c29_2.0.0.STS\lib\c29.c0-ti-none-eabi\c\</path>
         <kind>archive</kind>
         <file>libc.a</file>
         <name>copy_decompress_lzss.c.obj</name>
      </input_file>
      <input_file id="fl-53">
         <path>C:\ti\ccs2020\ccs\tools\compiler\ti-cgt-c29_2.0.0.STS\lib\c29.c0-ti-none-eabi\c\</path>
         <kind>archive</kind>
         <file>libc.a</file>
         <name>s_floor.c.obj</name>
      </input_file>
      <input_file id="fl-54">
         <path>C:\ti\ccs2020\ccs\tools\compiler\ti-cgt-c29_2.0.0.STS\lib\c29.c0-ti-none-eabi\c\</path>
         <kind>archive</kind>
         <file>libc.a</file>
         <name>s_scalbn.c.obj</name>
      </input_file>
      <input_file id="fl-55">
         <path>C:\ti\ccs2020\ccs\tools\compiler\ti-cgt-c29_2.0.0.STS\lib\c29.c0-ti-none-eabi\c\</path>
         <kind>archive</kind>
         <file>libc.a</file>
         <name>_printfi.c.obj</name>
      </input_file>
      <input_file id="fl-56">
         <path>C:\ti\ccs2020\ccs\tools\compiler\ti-cgt-c29_2.0.0.STS\lib\c29.c0-ti-none-eabi\c\</path>
         <kind>archive</kind>
         <file>libc.a</file>
         <name>fflush.c.obj</name>
      </input_file>
      <input_file id="fl-57">
         <path>C:\ti\ccs2020\ccs\tools\compiler\ti-cgt-c29_2.0.0.STS\lib\c29.c0-ti-none-eabi\c\</path>
         <kind>archive</kind>
         <file>libc.a</file>
         <name>fopen.c.obj</name>
      </input_file>
      <input_file id="fl-58">
         <path>C:\ti\ccs2020\ccs\tools\compiler\ti-cgt-c29_2.0.0.STS\lib\c29.c0-ti-none-eabi\c\</path>
         <kind>archive</kind>
         <file>libc.a</file>
         <name>fseek.c.obj</name>
      </input_file>
      <input_file id="fl-59">
         <path>C:\ti\ccs2020\ccs\tools\compiler\ti-cgt-c29_2.0.0.STS\lib\c29.c0-ti-none-eabi\c\</path>
         <kind>archive</kind>
         <file>libc.a</file>
         <name>_ltoa.c.obj</name>
      </input_file>
      <input_file id="fl-5a">
         <path>C:\ti\ccs2020\ccs\tools\compiler\ti-cgt-c29_2.0.0.STS\lib\c29.c0-ti-none-eabi\c\</path>
         <kind>archive</kind>
         <file>libc.a</file>
         <name>args_main.c.obj</name>
      </input_file>
      <input_file id="fl-5b">
         <path>C:\ti\ccs2020\ccs\tools\compiler\ti-cgt-c29_2.0.0.STS\lib\c29.c0-ti-none-eabi\c\</path>
         <kind>archive</kind>
         <file>libc.a</file>
         <name>atoi.c.obj</name>
      </input_file>
      <input_file id="fl-5c">
         <path>C:\ti\ccs2020\ccs\tools\compiler\ti-cgt-c29_2.0.0.STS\lib\c29.c0-ti-none-eabi\c\</path>
         <kind>archive</kind>
         <file>libc.a</file>
         <name>memccpy.c.obj</name>
      </input_file>
      <input_file id="fl-5d">
         <path>C:\ti\ccs2020\ccs\tools\compiler\ti-cgt-c29_2.0.0.STS\lib\c29.c0-ti-none-eabi\c\</path>
         <kind>archive</kind>
         <file>libc.a</file>
         <name>errno.c.obj</name>
      </input_file>
      <input_file id="fl-5e">
         <path>C:\ti\ccs2020\ccs\tools\compiler\ti-cgt-c29_2.0.0.STS\lib\c29.c0-ti-none-eabi\c\</path>
         <kind>archive</kind>
         <file>libc.a</file>
         <name>s_frexp.c.obj</name>
      </input_file>
      <input_file id="fl-5f">
         <path>C:\ti\ccs2020\ccs\tools\compiler\ti-cgt-c29_2.0.0.STS\lib\c29.c0-ti-none-eabi\c\</path>
         <kind>archive</kind>
         <file>libc.a</file>
         <name>wcslen.c.obj</name>
      </input_file>
      <input_file id="fl-60">
         <path>C:\ti\ccs2020\ccs\tools\compiler\ti-cgt-c29_2.0.0.STS\lib\c29.c0-ti-none-eabi\c\</path>
         <kind>archive</kind>
         <file>libc.a</file>
         <name>fclose.c.obj</name>
      </input_file>
      <input_file id="fl-61">
         <path>C:\ti\ccs2020\ccs\tools\compiler\ti-cgt-c29_2.0.0.STS\lib\c29.c0-ti-none-eabi\c\</path>
         <kind>archive</kind>
         <file>libsysbm.a</file>
         <name>write.c.obj</name>
      </input_file>
      <input_file id="fl-62">
         <path>C:\ti\ccs2020\ccs\tools\compiler\ti-cgt-c29_2.0.0.STS\lib\c29.c0-ti-none-eabi\c\</path>
         <kind>archive</kind>
         <file>libsysbm.a</file>
         <name>host_device.c.obj</name>
      </input_file>
      <input_file id="fl-63">
         <path>C:\ti\ccs2020\ccs\tools\compiler\ti-cgt-c29_2.0.0.STS\lib\c29.c0-ti-none-eabi\c\</path>
         <kind>archive</kind>
         <file>libsysbm.a</file>
         <name>remove.c.obj</name>
      </input_file>
      <input_file id="fl-64">
         <path>C:\ti\ccs2020\ccs\tools\compiler\ti-cgt-c29_2.0.0.STS\lib\c29.c0-ti-none-eabi\c\</path>
         <kind>archive</kind>
         <file>libsysbm.a</file>
         <name>open.c.obj</name>
      </input_file>
      <input_file id="fl-65">
         <path>C:\ti\ccs2020\ccs\tools\compiler\ti-cgt-c29_2.0.0.STS\lib\c29.c0-ti-none-eabi\c\</path>
         <kind>archive</kind>
         <file>libsysbm.a</file>
         <name>lseek.c.obj</name>
      </input_file>
      <input_file id="fl-66">
         <path>C:\ti\ccs2020\ccs\tools\compiler\ti-cgt-c29_2.0.0.STS\lib\c29.c0-ti-none-eabi\c\</path>
         <kind>archive</kind>
         <file>libsysbm.a</file>
         <name>close.c.obj</name>
      </input_file>
      <input_file id="fl-67">
         <path>C:\ti\ccs2020\ccs\tools\compiler\ti-cgt-c29_2.0.0.STS\lib\c29.c0-ti-none-eabi\c\</path>
         <kind>archive</kind>
         <file>libsysbm.a</file>
         <name>unlink.c.obj</name>
      </input_file>
      <input_file id="fl-68">
         <path>C:\ti\ccs2020\ccs\tools\compiler\ti-cgt-c29_2.0.0.STS\lib\c29.c0-ti-none-eabi\c\</path>
         <kind>archive</kind>
         <file>libsysbm.a</file>
         <name>hostclose.c.obj</name>
      </input_file>
      <input_file id="fl-69">
         <path>C:\ti\ccs2020\ccs\tools\compiler\ti-cgt-c29_2.0.0.STS\lib\c29.c0-ti-none-eabi\c\</path>
         <kind>archive</kind>
         <file>libsysbm.a</file>
         <name>hostlseek.c.obj</name>
      </input_file>
      <input_file id="fl-6a">
         <path>C:\ti\ccs2020\ccs\tools\compiler\ti-cgt-c29_2.0.0.STS\lib\c29.c0-ti-none-eabi\c\</path>
         <kind>archive</kind>
         <file>libsysbm.a</file>
         <name>hostopen.c.obj</name>
      </input_file>
      <input_file id="fl-6b">
         <path>C:\ti\ccs2020\ccs\tools\compiler\ti-cgt-c29_2.0.0.STS\lib\c29.c0-ti-none-eabi\c\</path>
         <kind>archive</kind>
         <file>libsysbm.a</file>
         <name>hostread.c.obj</name>
      </input_file>
      <input_file id="fl-6c">
         <path>C:\ti\ccs2020\ccs\tools\compiler\ti-cgt-c29_2.0.0.STS\lib\c29.c0-ti-none-eabi\c\</path>
         <kind>archive</kind>
         <file>libsysbm.a</file>
         <name>hostrename.c.obj</name>
      </input_file>
      <input_file id="fl-6d">
         <path>C:\ti\ccs2020\ccs\tools\compiler\ti-cgt-c29_2.0.0.STS\lib\c29.c0-ti-none-eabi\c\</path>
         <kind>archive</kind>
         <file>libsysbm.a</file>
         <name>hostunlink.c.obj</name>
      </input_file>
      <input_file id="fl-6e">
         <path>C:\ti\ccs2020\ccs\tools\compiler\ti-cgt-c29_2.0.0.STS\lib\c29.c0-ti-none-eabi\c\</path>
         <kind>archive</kind>
         <file>libsysbm.a</file>
         <name>hostwrite.c.obj</name>
      </input_file>
      <input_file id="fl-6f">
         <path>C:\ti\ccs2020\ccs\tools\compiler\ti-cgt-c29_2.0.0.STS\lib\c29.c0-ti-none-eabi\c\</path>
         <kind>archive</kind>
         <file>libsysbm.a</file>
         <name>trgmsg.c.obj</name>
      </input_file>
      <input_file id="fl-70">
         <path>C:\ti\ccs2020\ccs\tools\compiler\ti-cgt-c29_2.0.0.STS\lib\c29.c0-ti-none-eabi\</path>
         <kind>archive</kind>
         <file>libclang_rt.builtins.a</file>
         <name>adddf3.c.obj</name>
      </input_file>
      <input_file id="fl-71">
         <path>C:\ti\ccs2020\ccs\tools\compiler\ti-cgt-c29_2.0.0.STS\lib\c29.c0-ti-none-eabi\</path>
         <kind>archive</kind>
         <file>libclang_rt.builtins.a</file>
         <name>comparedf2.c.obj</name>
      </input_file>
      <input_file id="fl-72">
         <path>C:\ti\ccs2020\ccs\tools\compiler\ti-cgt-c29_2.0.0.STS\lib\c29.c0-ti-none-eabi\</path>
         <kind>archive</kind>
         <file>libclang_rt.builtins.a</file>
         <name>divdf3.c.obj</name>
      </input_file>
      <input_file id="fl-73">
         <path>C:\ti\ccs2020\ccs\tools\compiler\ti-cgt-c29_2.0.0.STS\lib\c29.c0-ti-none-eabi\</path>
         <kind>archive</kind>
         <file>libclang_rt.builtins.a</file>
         <name>extendsfdf2.c.obj</name>
      </input_file>
      <input_file id="fl-74">
         <path>C:\ti\ccs2020\ccs\tools\compiler\ti-cgt-c29_2.0.0.STS\lib\c29.c0-ti-none-eabi\</path>
         <kind>archive</kind>
         <file>libclang_rt.builtins.a</file>
         <name>fixdfsi.c.obj</name>
      </input_file>
      <input_file id="fl-75">
         <path>C:\ti\ccs2020\ccs\tools\compiler\ti-cgt-c29_2.0.0.STS\lib\c29.c0-ti-none-eabi\</path>
         <kind>archive</kind>
         <file>libclang_rt.builtins.a</file>
         <name>fp_mode.c.obj</name>
      </input_file>
      <input_file id="fl-76">
         <path>C:\ti\ccs2020\ccs\tools\compiler\ti-cgt-c29_2.0.0.STS\lib\c29.c0-ti-none-eabi\</path>
         <kind>archive</kind>
         <file>libclang_rt.builtins.a</file>
         <name>muldf3.c.obj</name>
      </input_file>
      <input_file id="fl-77">
         <path>C:\ti\ccs2020\ccs\tools\compiler\ti-cgt-c29_2.0.0.STS\lib\c29.c0-ti-none-eabi\</path>
         <kind>archive</kind>
         <file>libclang_rt.builtins.a</file>
         <name>subdf3.c.obj</name>
      </input_file>
      <input_file id="fl-78">
         <path>C:\ti\ccs2020\ccs\tools\compiler\ti-cgt-c29_2.0.0.STS\lib\c29.c0-ti-none-eabi\</path>
         <kind>archive</kind>
         <file>libclang_rt.builtins.a</file>
         <name>truncdfsf2.c.obj</name>
      </input_file>
      <input_file id="fl-79">
         <path>C:\ti\ccs2020\ccs\tools\compiler\ti-cgt-c29_2.0.0.STS\lib\c29.c0-ti-none-eabi\</path>
         <kind>archive</kind>
         <file>libclang_rt.builtins.a</file>
         <name>divsf3.c.obj</name>
      </input_file>
      <input_file id="fl-7a">
         <path>C:\ti\ccs2020\ccs\tools\compiler\ti-cgt-c29_2.0.0.STS\lib\c29.c0-ti-none-eabi\</path>
         <kind>archive</kind>
         <file>libclang_rt.builtins.a</file>
         <name>udivdi3.c.obj</name>
      </input_file>
      <input_file id="fl-7b">
         <path>C:\ti\ccs2020\ccs\tools\compiler\ti-cgt-c29_2.0.0.STS\lib\c29.c0-ti-none-eabi\</path>
         <kind>archive</kind>
         <file>libclang_rt.builtins.a</file>
         <name>udivsi3.c.obj</name>
      </input_file>
      <input_file id="fl-7c">
         <path>C:\ti\ccs2020\ccs\tools\compiler\ti-cgt-c29_2.0.0.STS\lib\c29.c0-ti-none-eabi\c\</path>
         <kind>archive</kind>
         <file>libc.a</file>
         <name>getdevice.c.obj</name>
      </input_file>
   </input_file_list>
   <object_component_list>
      <object_component id="oc-26">
         <name>codestart</name>
         <load_address>0x10001000</load_address>
         <readonly>true</readonly>
         <executable>true</executable>
         <run_address>0x10001000</run_address>
         <size>0x1e</size>
         <alignment>0x10</alignment>
         <input_file_ref idref="fl-9"/>
      </object_component>
      <object_component id="oc-13">
         <name>cert</name>
         <load_address>0x10000000</load_address>
         <readonly>true</readonly>
         <run_address>0x10000000</run_address>
         <size>0x1000</size>
         <alignment>0x1</alignment>
         <input_file_ref idref="fl-5"/>
      </object_component>
      <object_component id="oc-1c9">
         <name>.text:__TI_printfi_nofloat</name>
         <load_address>0x10001020</load_address>
         <readonly>true</readonly>
         <executable>true</executable>
         <run_address>0x10001020</run_address>
         <size>0x1222</size>
         <alignment>0x10</alignment>
         <input_file_ref idref="fl-55"/>
      </object_component>
      <object_component id="oc-16e">
         <name>.text.__kernel_rem_pio2</name>
         <load_address>0x10002250</load_address>
         <readonly>true</readonly>
         <executable>true</executable>
         <run_address>0x10002250</run_address>
         <size>0xef0</size>
         <alignment>0x10</alignment>
         <input_file_ref idref="fl-4a"/>
      </object_component>
      <object_component id="oc-f6">
         <name>.text.link2.SysCtl_setClock</name>
         <load_address>0x10003140</load_address>
         <readonly>true</readonly>
         <executable>true</executable>
         <run_address>0x10003140</run_address>
         <size>0x7de</size>
         <alignment>0x10</alignment>
         <input_file_ref idref="fl-20"/>
      </object_component>
      <object_component id="oc-b9">
         <name>.text.Device_enableAllPeripherals</name>
         <load_address>0x10003920</load_address>
         <readonly>true</readonly>
         <executable>true</executable>
         <run_address>0x10003920</run_address>
         <size>0x71c</size>
         <alignment>0x10</alignment>
         <input_file_ref idref="fl-5"/>
      </object_component>
      <object_component id="oc-14e">
         <name>.text.SysCtl_isPLLValid</name>
         <load_address>0x10004040</load_address>
         <readonly>true</readonly>
         <executable>true</executable>
         <run_address>0x10004040</run_address>
         <size>0x6f4</size>
         <alignment>0x10</alignment>
         <input_file_ref idref="fl-20"/>
      </object_component>
      <object_component id="oc-126">
         <name>.text.sinf</name>
         <load_address>0x10004740</load_address>
         <readonly>true</readonly>
         <executable>true</executable>
         <run_address>0x10004740</run_address>
         <size>0x64a</size>
         <alignment>0x10</alignment>
         <input_file_ref idref="fl-3e"/>
      </object_component>
      <object_component id="oc-1d">
         <name>.text:decompress:lzss</name>
         <load_address>0x10004d90</load_address>
         <readonly>true</readonly>
         <executable>true</executable>
         <run_address>0x10004d90</run_address>
         <size>0x610</size>
         <alignment>0x10</alignment>
         <input_file_ref idref="fl-52"/>
      </object_component>
      <object_component id="oc-b8">
         <name>.text.CLOCK_init</name>
         <load_address>0x100053a0</load_address>
         <readonly>true</readonly>
         <executable>true</executable>
         <run_address>0x100053a0</run_address>
         <size>0x480</size>
         <alignment>0x10</alignment>
         <input_file_ref idref="fl-5"/>
      </object_component>
      <object_component id="oc-162">
         <name>.text.__adddf3</name>
         <load_address>0x10005820</load_address>
         <readonly>true</readonly>
         <executable>true</executable>
         <run_address>0x10005820</run_address>
         <size>0x418</size>
         <alignment>0x10</alignment>
         <input_file_ref idref="fl-70"/>
      </object_component>
      <object_component id="oc-11e">
         <name>.text.__muldf3</name>
         <load_address>0x10005c40</load_address>
         <readonly>true</readonly>
         <executable>true</executable>
         <run_address>0x10005c40</run_address>
         <size>0x3d0</size>
         <alignment>0x10</alignment>
         <input_file_ref idref="fl-76"/>
      </object_component>
      <object_component id="oc-c6">
         <name>.text.EPWM_init</name>
         <load_address>0x10006010</load_address>
         <readonly>true</readonly>
         <executable>true</executable>
         <run_address>0x10006010</run_address>
         <size>0x258</size>
         <alignment>0x10</alignment>
         <input_file_ref idref="fl-4"/>
      </object_component>
      <object_component id="oc-1ab">
         <name>.text.scalbn</name>
         <load_address>0x10006270</load_address>
         <readonly>true</readonly>
         <executable>true</executable>
         <run_address>0x10006270</run_address>
         <size>0x24a</size>
         <alignment>0x10</alignment>
         <input_file_ref idref="fl-54"/>
      </object_component>
      <object_component id="oc-81">
         <name>.text.Board_init</name>
         <load_address>0x100064c0</load_address>
         <readonly>true</readonly>
         <executable>true</executable>
         <run_address>0x100064c0</run_address>
         <size>0x242</size>
         <alignment>0x10</alignment>
         <input_file_ref idref="fl-4"/>
      </object_component>
      <object_component id="oc-130">
         <name>.text.LINK_ProcessFrame</name>
         <load_address>0x10006710</load_address>
         <readonly>true</readonly>
         <executable>true</executable>
         <run_address>0x10006710</run_address>
         <size>0x22c</size>
         <alignment>0x10</alignment>
         <input_file_ref idref="fl-1"/>
      </object_component>
      <object_component id="oc-c7">
         <name>.text.UART_setConfig</name>
         <load_address>0x10006940</load_address>
         <readonly>true</readonly>
         <executable>true</executable>
         <run_address>0x10006940</run_address>
         <size>0x228</size>
         <alignment>0x10</alignment>
         <input_file_ref idref="fl-21"/>
      </object_component>
      <object_component id="oc-184">
         <name>.text.SysCtl_selectXTAL</name>
         <load_address>0x10006b70</load_address>
         <readonly>true</readonly>
         <executable>true</executable>
         <run_address>0x10006b70</run_address>
         <size>0x1fa</size>
         <alignment>0x10</alignment>
         <input_file_ref idref="fl-20"/>
      </object_component>
      <object_component id="oc-1af">
         <name>.text.floor</name>
         <load_address>0x10006d70</load_address>
         <readonly>true</readonly>
         <executable>true</executable>
         <run_address>0x10006d70</run_address>
         <size>0x1f8</size>
         <alignment>0x10</alignment>
         <input_file_ref idref="fl-53"/>
      </object_component>
      <object_component id="oc-122">
         <name>.text.__truncdfsf2</name>
         <load_address>0x10006f70</load_address>
         <readonly>true</readonly>
         <executable>true</executable>
         <run_address>0x10006f70</run_address>
         <size>0x1ce</size>
         <alignment>0x10</alignment>
         <input_file_ref idref="fl-78"/>
      </object_component>
      <object_component id="oc-18b">
         <name>.text.ErrorAggregator_getCpuErrorInfo</name>
         <load_address>0x10007140</load_address>
         <readonly>true</readonly>
         <executable>true</executable>
         <run_address>0x10007140</run_address>
         <size>0x1b8</size>
         <alignment>0x10</alignment>
         <input_file_ref idref="fl-24"/>
      </object_component>
      <object_component id="oc-cf">
         <name>.text.INT_UI_UART_ISR</name>
         <load_address>0x10007300</load_address>
         <readonly>true</readonly>
         <executable>true</executable>
         <run_address>0x10007300</run_address>
         <size>0x1ae</size>
         <alignment>0x10</alignment>
         <input_file_ref idref="fl-1"/>
      </object_component>
      <object_component id="oc-ae">
         <name>.text.link2.ERAD_configCounterInStartStopMode</name>
         <load_address>0x100074b0</load_address>
         <readonly>true</readonly>
         <executable>true</executable>
         <run_address>0x100074b0</run_address>
         <size>0x1aa</size>
         <alignment>0x10</alignment>
         <input_file_ref idref="fl-1c"/>
      </object_component>
      <object_component id="oc-185">
         <name>.text.SysCtl_selectXTALSingleEnded</name>
         <load_address>0x10007660</load_address>
         <readonly>true</readonly>
         <executable>true</executable>
         <run_address>0x10007660</run_address>
         <size>0x194</size>
         <alignment>0x10</alignment>
         <input_file_ref idref="fl-20"/>
      </object_component>
      <object_component id="oc-ce">
         <name>.text.INT_ePWM_MOTOR_ISR</name>
         <load_address>0x10007800</load_address>
         <readonly>true</readonly>
         <executable>true</executable>
         <run_address>0x10007800</run_address>
         <size>0x188</size>
         <alignment>0x10</alignment>
         <input_file_ref idref="fl-3"/>
      </object_component>
      <object_component id="oc-107">
         <name>.text.link2.GPIO_setPadConfig</name>
         <load_address>0x10007990</load_address>
         <readonly>true</readonly>
         <executable>true</executable>
         <run_address>0x10007990</run_address>
         <size>0x17e</size>
         <alignment>0x10</alignment>
         <input_file_ref idref="fl-1e"/>
      </object_component>
      <object_component id="oc-7f">
         <name>.text.Device_init</name>
         <load_address>0x10007b10</load_address>
         <readonly>true</readonly>
         <executable>true</executable>
         <run_address>0x10007b10</run_address>
         <size>0x15c</size>
         <alignment>0x10</alignment>
         <input_file_ref idref="fl-5"/>
      </object_component>
      <object_component id="oc-14d">
         <name>.text.SysCtl_selectOscSource</name>
         <load_address>0x10007c70</load_address>
         <readonly>true</readonly>
         <executable>true</executable>
         <run_address>0x10007c70</run_address>
         <size>0x15c</size>
         <alignment>0x10</alignment>
         <input_file_ref idref="fl-20"/>
      </object_component>
      <object_component id="oc-f9">
         <name>.text.SysCtl_getClock</name>
         <load_address>0x10007dd0</load_address>
         <readonly>true</readonly>
         <executable>true</executable>
         <run_address>0x10007dd0</run_address>
         <size>0x152</size>
         <alignment>0x10</alignment>
         <input_file_ref idref="fl-20"/>
      </object_component>
      <object_component id="oc-191">
         <name>.text.ErrorAggregator_getRtdmaErrorInfo</name>
         <load_address>0x10007f30</load_address>
         <readonly>true</readonly>
         <executable>true</executable>
         <run_address>0x10007f30</run_address>
         <size>0x150</size>
         <alignment>0x10</alignment>
         <input_file_ref idref="fl-24"/>
      </object_component>
      <object_component id="oc-172">
         <name>.text.__kernel_sindf</name>
         <load_address>0x10008080</load_address>
         <readonly>true</readonly>
         <executable>true</executable>
         <run_address>0x10008080</run_address>
         <size>0x12e</size>
         <alignment>0x10</alignment>
         <input_file_ref idref="fl-3e"/>
      </object_component>
      <object_component id="oc-14f">
         <name>.text.link2.Interrupt_clearEsmEaFlags</name>
         <load_address>0x100081b0</load_address>
         <readonly>true</readonly>
         <executable>true</executable>
         <run_address>0x100081b0</run_address>
         <size>0x120</size>
         <alignment>0x10</alignment>
         <input_file_ref idref="fl-1f"/>
      </object_component>
      <object_component id="oc-1e5">
         <name>.text.atoi</name>
         <load_address>0x100082d0</load_address>
         <readonly>true</readonly>
         <executable>true</executable>
         <run_address>0x100082d0</run_address>
         <size>0x11c</size>
         <alignment>0x10</alignment>
         <input_file_ref idref="fl-5b"/>
      </object_component>
      <object_component id="oc-c1">
         <name>.text.GPIO_init</name>
         <load_address>0x100083f0</load_address>
         <readonly>true</readonly>
         <executable>true</executable>
         <run_address>0x100083f0</run_address>
         <size>0x118</size>
         <alignment>0x10</alignment>
         <input_file_ref idref="fl-4"/>
      </object_component>
      <object_component id="oc-132">
         <name>.text.LINK_Dispatch</name>
         <load_address>0x10008510</load_address>
         <readonly>true</readonly>
         <executable>true</executable>
         <run_address>0x10008510</run_address>
         <size>0x10e</size>
         <alignment>0x10</alignment>
         <input_file_ref idref="fl-2"/>
      </object_component>
      <object_component id="oc-10a">
         <name>.text.GPIO_setDirectionMode</name>
         <load_address>0x10008620</load_address>
         <readonly>true</readonly>
         <executable>true</executable>
         <run_address>0x10008620</run_address>
         <size>0x10c</size>
         <alignment>0x10</alignment>
         <input_file_ref idref="fl-1e"/>
      </object_component>
      <object_component id="oc-109">
         <name>.text.link2.GPIO_setControllerCore</name>
         <load_address>0x10008730</load_address>
         <readonly>true</readonly>
         <executable>true</executable>
         <run_address>0x10008730</run_address>
         <size>0x10c</size>
         <alignment>0x10</alignment>
         <input_file_ref idref="fl-1e"/>
      </object_component>
      <object_component id="oc-108">
         <name>.text.link2.GPIO_setQualificationMode</name>
         <load_address>0x10008840</load_address>
         <readonly>true</readonly>
         <executable>true</executable>
         <run_address>0x10008840</run_address>
         <size>0x10c</size>
         <alignment>0x10</alignment>
         <input_file_ref idref="fl-1e"/>
      </object_component>
      <object_component id="oc-173">
         <name>.text.__kernel_cosdf</name>
         <load_address>0x10008950</load_address>
         <readonly>true</readonly>
         <executable>true</executable>
         <run_address>0x10008950</run_address>
         <size>0x10a</size>
         <alignment>0x10</alignment>
         <input_file_ref idref="fl-3e"/>
      </object_component>
      <object_component id="oc-1c1">
         <name>.text.hex_to_u32_be</name>
         <load_address>0x10008a60</load_address>
         <readonly>true</readonly>
         <executable>true</executable>
         <run_address>0x10008a60</run_address>
         <size>0xf0</size>
         <alignment>0x10</alignment>
         <input_file_ref idref="fl-1"/>
      </object_component>
      <object_component id="oc-13e">
         <name>.text.UART_writeCharArray</name>
         <load_address>0x10008b50</load_address>
         <readonly>true</readonly>
         <executable>true</executable>
         <run_address>0x10008b50</run_address>
         <size>0xea</size>
         <alignment>0x10</alignment>
         <input_file_ref idref="fl-21"/>
      </object_component>
      <object_component id="oc-3b">
         <name>.text.memcpy</name>
         <load_address>0x10008c40</load_address>
         <readonly>true</readonly>
         <executable>true</executable>
         <run_address>0x10008c40</run_address>
         <size>0xea</size>
         <alignment>0x10</alignment>
         <input_file_ref idref="fl-43"/>
      </object_component>
      <object_component id="oc-193">
         <name>.text.ErrorAggregator_getEthercatErrorInfo</name>
         <load_address>0x10008d30</load_address>
         <readonly>true</readonly>
         <executable>true</executable>
         <run_address>0x10008d30</run_address>
         <size>0xe8</size>
         <alignment>0x10</alignment>
         <input_file_ref idref="fl-24"/>
      </object_component>
      <object_component id="oc-192">
         <name>.text.ErrorAggregator_getSsuErrorInfo</name>
         <load_address>0x10008e20</load_address>
         <readonly>true</readonly>
         <executable>true</executable>
         <run_address>0x10008e20</run_address>
         <size>0xe8</size>
         <alignment>0x10</alignment>
         <input_file_ref idref="fl-24"/>
      </object_component>
      <object_component id="oc-c0">
         <name>.text.PinMux_init</name>
         <load_address>0x10008f10</load_address>
         <readonly>true</readonly>
         <executable>true</executable>
         <run_address>0x10008f10</run_address>
         <size>0xe4</size>
         <alignment>0x10</alignment>
         <input_file_ref idref="fl-4"/>
      </object_component>
      <object_component id="oc-e4">
         <name>.text.copy_in</name>
         <load_address>0x10009000</load_address>
         <readonly>true</readonly>
         <executable>true</executable>
         <run_address>0x10009000</run_address>
         <size>0xe0</size>
         <alignment>0x10</alignment>
         <input_file_ref idref="fl-4f"/>
      </object_component>
      <object_component id="oc-194">
         <name>.text.ErrorAggregator_clearCpuError</name>
         <load_address>0x100090e0</load_address>
         <readonly>true</readonly>
         <executable>true</executable>
         <run_address>0x100090e0</run_address>
         <size>0xde</size>
         <alignment>0x10</alignment>
         <input_file_ref idref="fl-24"/>
      </object_component>
      <object_component id="oc-195">
         <name>.text.ErrorAggregator_clearRtdmaError</name>
         <load_address>0x100091c0</load_address>
         <readonly>true</readonly>
         <executable>true</executable>
         <run_address>0x100091c0</run_address>
         <size>0xd2</size>
         <alignment>0x10</alignment>
         <input_file_ref idref="fl-24"/>
      </object_component>
      <object_component id="oc-64">
         <name>.text.set_secsp</name>
         <load_address>0x100092a0</load_address>
         <readonly>true</readonly>
         <executable>true</executable>
         <run_address>0x100092a0</run_address>
         <size>0xcc</size>
         <alignment>0x10</alignment>
         <input_file_ref idref="fl-4b"/>
      </object_component>
      <object_component id="oc-c2">
         <name>.text.CPUTimer_setEmulationMode</name>
         <load_address>0x10009370</load_address>
         <readonly>true</readonly>
         <executable>true</executable>
         <run_address>0x10009370</run_address>
         <size>0xbe</size>
         <alignment>0x10</alignment>
         <input_file_ref idref="fl-1a"/>
      </object_component>
      <object_component id="oc-f8">
         <name>.text.SysCtl_pollSyncBusy</name>
         <load_address>0x10009430</load_address>
         <readonly>true</readonly>
         <executable>true</executable>
         <run_address>0x10009430</run_address>
         <size>0xaa</size>
         <alignment>0x10</alignment>
         <input_file_ref idref="fl-20"/>
      </object_component>
      <object_component id="oc-a2">
         <name>.text.SysCtl_pollSyncBusyWd</name>
         <load_address>0x100094e0</load_address>
         <readonly>true</readonly>
         <executable>true</executable>
         <run_address>0x100094e0</run_address>
         <size>0xaa</size>
         <alignment>0x10</alignment>
         <input_file_ref idref="fl-20"/>
      </object_component>
      <object_component id="oc-11a">
         <name>.text.__extendsfdf2</name>
         <load_address>0x10009590</load_address>
         <readonly>true</readonly>
         <executable>true</executable>
         <run_address>0x10009590</run_address>
         <size>0xaa</size>
         <alignment>0x10</alignment>
         <input_file_ref idref="fl-73"/>
      </object_component>
      <object_component id="oc-99">
         <name>.text:__TI_auto_init_nopinit</name>
         <load_address>0x10009640</load_address>
         <readonly>true</readonly>
         <executable>true</executable>
         <run_address>0x10009640</run_address>
         <size>0xa6</size>
         <alignment>0x10</alignment>
         <input_file_ref idref="fl-4c"/>
      </object_component>
      <object_component id="oc-cd">
         <name>.text.INT_Timer_1ms_ISR</name>
         <load_address>0x100096f0</load_address>
         <readonly>true</readonly>
         <executable>true</executable>
         <run_address>0x100096f0</run_address>
         <size>0x9c</size>
         <alignment>0x10</alignment>
         <input_file_ref idref="fl-3"/>
      </object_component>
      <object_component id="oc-197">
         <name>.text.ErrorAggregator_clearEthercatError</name>
         <load_address>0x10009790</load_address>
         <readonly>true</readonly>
         <executable>true</executable>
         <run_address>0x10009790</run_address>
         <size>0x96</size>
         <alignment>0x10</alignment>
         <input_file_ref idref="fl-24"/>
      </object_component>
      <object_component id="oc-196">
         <name>.text.ErrorAggregator_clearSsuError</name>
         <load_address>0x10009830</load_address>
         <readonly>true</readonly>
         <executable>true</executable>
         <run_address>0x10009830</run_address>
         <size>0x96</size>
         <alignment>0x10</alignment>
         <input_file_ref idref="fl-24"/>
      </object_component>
      <object_component id="oc-1b3">
         <name>.text.__gedf2</name>
         <load_address>0x100098d0</load_address>
         <readonly>true</readonly>
         <executable>true</executable>
         <run_address>0x100098d0</run_address>
         <size>0x8c</size>
         <alignment>0x10</alignment>
         <input_file_ref idref="fl-71"/>
      </object_component>
      <object_component id="oc-1b9">
         <name>.text.__ledf2</name>
         <load_address>0x10009960</load_address>
         <readonly>true</readonly>
         <executable>true</executable>
         <run_address>0x10009960</run_address>
         <size>0x8c</size>
         <alignment>0x10</alignment>
         <input_file_ref idref="fl-71"/>
      </object_component>
      <object_component id="oc-17e">
         <name>.text.LINK_IntToHex</name>
         <load_address>0x100099f0</load_address>
         <readonly>true</readonly>
         <executable>true</executable>
         <run_address>0x100099f0</run_address>
         <size>0x88</size>
         <alignment>0x10</alignment>
         <input_file_ref idref="fl-1"/>
      </object_component>
      <object_component id="oc-ba">
         <name>.text.link2.Interrupt_initModule</name>
         <load_address>0x10009a80</load_address>
         <readonly>true</readonly>
         <executable>true</executable>
         <run_address>0x10009a80</run_address>
         <size>0x88</size>
         <alignment>0x10</alignment>
         <input_file_ref idref="fl-1f"/>
      </object_component>
      <object_component id="oc-1f1">
         <name>.text.__udivdi3</name>
         <load_address>0x10009b10</load_address>
         <readonly>true</readonly>
         <executable>true</executable>
         <run_address>0x10009b10</run_address>
         <size>0x84</size>
         <alignment>0x10</alignment>
         <input_file_ref idref="fl-7a"/>
      </object_component>
      <object_component id="oc-16a">
         <name>.text.__fixdfsi</name>
         <load_address>0x10009ba0</load_address>
         <readonly>true</readonly>
         <executable>true</executable>
         <run_address>0x10009ba0</run_address>
         <size>0x7a</size>
         <alignment>0x10</alignment>
         <input_file_ref idref="fl-74"/>
      </object_component>
      <object_component id="oc-1e9">
         <name>.text.wcslen</name>
         <load_address>0x10009c20</load_address>
         <readonly>true</readonly>
         <executable>true</executable>
         <run_address>0x10009c20</run_address>
         <size>0x78</size>
         <alignment>0x10</alignment>
         <input_file_ref idref="fl-5f"/>
      </object_component>
      <object_component id="oc-101">
         <name>.text.link2.GPIO_setPinConfig</name>
         <load_address>0x10009ca0</load_address>
         <readonly>true</readonly>
         <executable>true</executable>
         <run_address>0x10009ca0</run_address>
         <size>0x6a</size>
         <alignment>0x10</alignment>
         <input_file_ref idref="fl-1e"/>
      </object_component>
      <object_component id="oc-bf">
         <name>.text.link2.Interrupt_initVectorTable</name>
         <load_address>0x10009d10</load_address>
         <readonly>true</readonly>
         <executable>true</executable>
         <run_address>0x10009d10</run_address>
         <size>0x62</size>
         <alignment>0x10</alignment>
         <input_file_ref idref="fl-1f"/>
      </object_component>
      <object_component id="oc-17a">
         <name>.text.is_hex4</name>
         <load_address>0x10009d80</load_address>
         <readonly>true</readonly>
         <executable>true</executable>
         <run_address>0x10009d80</run_address>
         <size>0x54</size>
         <alignment>0x10</alignment>
         <input_file_ref idref="fl-1"/>
      </object_component>
      <object_component id="oc-5e">
         <name>.text:_c_int00_noargs</name>
         <load_address>0x10009de0</load_address>
         <readonly>true</readonly>
         <executable>true</executable>
         <run_address>0x10009de0</run_address>
         <size>0x50</size>
         <alignment>0x10</alignment>
         <input_file_ref idref="fl-4b"/>
      </object_component>
      <object_component id="oc-181">
         <name>.text._outs</name>
         <load_address>0x10009e30</load_address>
         <readonly>true</readonly>
         <executable>true</executable>
         <run_address>0x10009e30</run_address>
         <size>0x4c</size>
         <alignment>0x10</alignment>
         <input_file_ref idref="fl-3f"/>
      </object_component>
      <object_component id="oc-56">
         <name>.text.memset</name>
         <load_address>0x10009e80</load_address>
         <readonly>true</readonly>
         <executable>true</executable>
         <run_address>0x10009e80</run_address>
         <size>0x4a</size>
         <alignment>0x10</alignment>
         <input_file_ref idref="fl-49"/>
      </object_component>
      <object_component id="oc-138">
         <name>.text.sprintf</name>
         <load_address>0x10009ed0</load_address>
         <readonly>true</readonly>
         <executable>true</executable>
         <run_address>0x10009ed0</run_address>
         <size>0x4a</size>
         <alignment>0x10</alignment>
         <input_file_ref idref="fl-3f"/>
      </object_component>
      <object_component id="oc-1dd">
         <name>.text.strlen</name>
         <load_address>0x10009f20</load_address>
         <readonly>true</readonly>
         <executable>true</executable>
         <run_address>0x10009f20</run_address>
         <size>0x40</size>
         <alignment>0x10</alignment>
         <input_file_ref idref="fl-55"/>
      </object_component>
      <object_component id="oc-1de">
         <name>.text.memccpy</name>
         <load_address>0x10009f60</load_address>
         <readonly>true</readonly>
         <executable>true</executable>
         <run_address>0x10009f60</run_address>
         <size>0x38</size>
         <alignment>0x10</alignment>
         <input_file_ref idref="fl-5c"/>
      </object_component>
      <object_component id="oc-a8">
         <name>.text.link2.XBAR_selectEpwmXbarInputSource</name>
         <load_address>0x10009fa0</load_address>
         <readonly>true</readonly>
         <executable>true</executable>
         <run_address>0x10009fa0</run_address>
         <size>0x36</size>
         <alignment>0x10</alignment>
         <input_file_ref idref="fl-22"/>
      </object_component>
      <object_component id="oc-111">
         <name>.text.__udivsi3</name>
         <load_address>0x10009fe0</load_address>
         <readonly>true</readonly>
         <executable>true</executable>
         <run_address>0x10009fe0</run_address>
         <size>0x30</size>
         <alignment>0x10</alignment>
         <input_file_ref idref="fl-7b"/>
      </object_component>
      <object_component id="oc-6a">
         <name>.text.main</name>
         <load_address>0x1000a010</load_address>
         <readonly>true</readonly>
         <executable>true</executable>
         <run_address>0x1000a010</run_address>
         <size>0x30</size>
         <alignment>0x10</alignment>
         <input_file_ref idref="fl-3"/>
      </object_component>
      <object_component id="oc-ff">
         <name>.text.link2.Interrupt_defaultNMIHandler</name>
         <load_address>0x1000a040</load_address>
         <readonly>true</readonly>
         <executable>true</executable>
         <run_address>0x1000a040</run_address>
         <size>0x2e</size>
         <alignment>0x10</alignment>
         <input_file_ref idref="fl-1f"/>
      </object_component>
      <object_component id="oc-186">
         <name>.text.__divsf3</name>
         <load_address>0x1000a070</load_address>
         <readonly>true</readonly>
         <executable>true</executable>
         <run_address>0x1000a070</run_address>
         <size>0x2c</size>
         <alignment>0x10</alignment>
         <input_file_ref idref="fl-79"/>
      </object_component>
      <object_component id="oc-166">
         <name>.text.__subdf3</name>
         <load_address>0x1000a0a0</load_address>
         <readonly>true</readonly>
         <executable>true</executable>
         <run_address>0x1000a0a0</run_address>
         <size>0x1e</size>
         <alignment>0x10</alignment>
         <input_file_ref idref="fl-77"/>
      </object_component>
      <object_component id="oc-42">
         <name>.text:decompress:ZI:__TI_zero_init_nomemset</name>
         <load_address>0x1000a0c0</load_address>
         <readonly>true</readonly>
         <executable>true</executable>
         <run_address>0x1000a0c0</run_address>
         <size>0x1a</size>
         <alignment>0x10</alignment>
         <input_file_ref idref="fl-50"/>
      </object_component>
      <object_component id="oc-17b">
         <name>.text.LINK_HexToFloat</name>
         <load_address>0x1000a0e0</load_address>
         <readonly>true</readonly>
         <executable>true</executable>
         <run_address>0x1000a0e0</run_address>
         <size>0x18</size>
         <alignment>0x10</alignment>
         <input_file_ref idref="fl-1"/>
      </object_component>
      <object_component id="oc-e9">
         <name>.text.error</name>
         <load_address>0x1000a100</load_address>
         <readonly>true</readonly>
         <executable>true</executable>
         <run_address>0x1000a100</run_address>
         <size>0x16</size>
         <alignment>0x10</alignment>
         <input_file_ref idref="fl-5"/>
      </object_component>
      <object_component id="oc-21">
         <name>.text:decompress:none</name>
         <load_address>0x1000a120</load_address>
         <readonly>true</readonly>
         <executable>true</executable>
         <run_address>0x1000a120</run_address>
         <size>0x16</size>
         <alignment>0x10</alignment>
         <input_file_ref idref="fl-51"/>
      </object_component>
      <object_component id="oc-17c">
         <name>.text.LINK_HexToInt</name>
         <load_address>0x1000a140</load_address>
         <readonly>true</readonly>
         <executable>true</executable>
         <run_address>0x1000a140</run_address>
         <size>0x14</size>
         <alignment>0x10</alignment>
         <input_file_ref idref="fl-1"/>
      </object_component>
      <object_component id="oc-65">
         <name>.text.set_link2_ap_override</name>
         <load_address>0x1000a160</load_address>
         <readonly>true</readonly>
         <executable>true</executable>
         <run_address>0x1000a160</run_address>
         <size>0x14</size>
         <alignment>0x10</alignment>
         <input_file_ref idref="fl-4b"/>
      </object_component>
      <object_component id="oc-180">
         <name>.text._outc</name>
         <load_address>0x1000a180</load_address>
         <readonly>true</readonly>
         <executable>true</executable>
         <run_address>0x1000a180</run_address>
         <size>0x12</size>
         <alignment>0x10</alignment>
         <input_file_ref idref="fl-3f"/>
      </object_component>
      <object_component id="oc-100">
         <name>.text.link2.Interrupt_defaultHandler</name>
         <load_address>0x1000a1a0</load_address>
         <readonly>true</readonly>
         <executable>true</executable>
         <run_address>0x1000a1a0</run_address>
         <size>0x6</size>
         <alignment>0x10</alignment>
         <input_file_ref idref="fl-1f"/>
      </object_component>
      <object_component id="oc-8b">
         <name>.text:abort</name>
         <load_address>0x1000a1b0</load_address>
         <readonly>true</readonly>
         <executable>true</executable>
         <run_address>0x1000a1b0</run_address>
         <size>0x6</size>
         <alignment>0x10</alignment>
         <input_file_ref idref="fl-44"/>
      </object_component>
      <object_component id="oc-198">
         <name>.text.__fe_getround</name>
         <load_address>0x1000a1c0</load_address>
         <readonly>true</readonly>
         <executable>true</executable>
         <run_address>0x1000a1c0</run_address>
         <size>0x4</size>
         <alignment>0x10</alignment>
         <input_file_ref idref="fl-75"/>
      </object_component>
      <object_component id="oc-19d">
         <name>.text.__fe_raise_inexact</name>
         <load_address>0x1000a1d0</load_address>
         <readonly>true</readonly>
         <executable>true</executable>
         <run_address>0x1000a1d0</run_address>
         <size>0x4</size>
         <alignment>0x10</alignment>
         <input_file_ref idref="fl-75"/>
      </object_component>
      <object_component id="oc-66">
         <name>.text._system_pre_init</name>
         <load_address>0x1000a1e0</load_address>
         <readonly>true</readonly>
         <executable>true</executable>
         <run_address>0x1000a1e0</run_address>
         <size>0x4</size>
         <alignment>0x10</alignment>
         <input_file_ref idref="fl-4d"/>
      </object_component>
      <object_component id="oc-de">
         <name>.text._system_post_cinit</name>
         <load_address>0x1000a1f0</load_address>
         <readonly>true</readonly>
         <executable>true</executable>
         <run_address>0x1000a1f0</run_address>
         <size>0x2</size>
         <alignment>0x10</alignment>
         <input_file_ref idref="fl-4e"/>
      </object_component>
      <object_component id="oc-229">
         <name>.binit</name>
         <load_address>0x1000ae40</load_address>
         <readonly>true</readonly>
         <run_address>0x1000ae40</run_address>
         <size>0x10</size>
         <alignment>0x4</alignment>
      </object_component>
      <object_component id="oc-25f">
         <name>__TI_BINIT_Limit</name>
         <load_address>0x1000ae50</load_address>
         <readonly>true</readonly>
         <run_address>0x1000ae50</run_address>
         <size>0x0</size>
         <alignment>0x0</alignment>
      </object_component>
      <object_component id="oc-25d">
         <name>.cinit..data.load</name>
         <load_address>0x1000ae08</load_address>
         <readonly>true</readonly>
         <run_address>0x1000ae08</run_address>
         <size>0x11</size>
         <alignment>0x1</alignment>
      </object_component>
      <object_component id="oc-25b">
         <name>__TI_handler_table</name>
         <load_address>0x1000ae1c</load_address>
         <readonly>true</readonly>
         <run_address>0x1000ae1c</run_address>
         <size>0xc</size>
         <alignment>0x4</alignment>
      </object_component>
      <object_component id="oc-25e">
         <name>.cinit..bss.load</name>
         <load_address>0x1000ae28</load_address>
         <readonly>true</readonly>
         <run_address>0x1000ae28</run_address>
         <size>0x8</size>
         <alignment>0x4</alignment>
      </object_component>
      <object_component id="oc-25c">
         <name>__TI_cinit_table</name>
         <load_address>0x1000ae30</load_address>
         <readonly>true</readonly>
         <run_address>0x1000ae30</run_address>
         <size>0x10</size>
         <alignment>0x4</alignment>
      </object_component>
      <object_component id="oc-1ef">
         <name>.rodata._getarg_diouxp___TI_printfi_nofloat</name>
         <load_address>0x1000a470</load_address>
         <readonly>true</readonly>
         <run_address>0x1000a470</run_address>
         <size>0x420</size>
         <alignment>0x4</alignment>
         <input_file_ref idref="fl-55"/>
      </object_component>
      <object_component id="oc-1ed">
         <name>.rodata._setfield___TI_printfi_nofloat</name>
         <load_address>0x1000a890</load_address>
         <readonly>true</readonly>
         <run_address>0x1000a890</run_address>
         <size>0x1d4</size>
         <alignment>0x4</alignment>
         <input_file_ref idref="fl-55"/>
      </object_component>
      <object_component id="oc-1aa">
         <name>.rodata.ipio2</name>
         <load_address>0x1000aa64</load_address>
         <readonly>true</readonly>
         <run_address>0x1000aa64</run_address>
         <size>0x108</size>
         <alignment>0x4</alignment>
         <input_file_ref idref="fl-4a"/>
      </object_component>
      <object_component id="oc-178">
         <name>.rodata._ctypes_</name>
         <load_address>0x1000ab6c</load_address>
         <readonly>true</readonly>
         <run_address>0x1000ab6c</run_address>
         <size>0x101</size>
         <alignment>0x1</alignment>
         <input_file_ref idref="fl-46"/>
      </object_component>
      <object_component id="oc-1ee">
         <name>.rodata._pproc_diouxp___TI_printfi_nofloat</name>
         <load_address>0x1000ac70</load_address>
         <readonly>true</readonly>
         <run_address>0x1000ac70</run_address>
         <size>0x84</size>
         <alignment>0x4</alignment>
         <input_file_ref idref="fl-55"/>
      </object_component>
      <object_component id="oc-1ba">
         <name>.rodata.PIo2</name>
         <load_address>0x1000acf8</load_address>
         <readonly>true</readonly>
         <run_address>0x1000acf8</run_address>
         <size>0x40</size>
         <alignment>0x8</alignment>
         <input_file_ref idref="fl-4a"/>
      </object_component>
      <object_component id="oc-1ce">
         <name>.rodata.str1.6628141347298057244.1</name>
         <load_address>0x1000ad38</load_address>
         <readonly>true</readonly>
         <run_address>0x1000ad38</run_address>
         <size>0x15</size>
         <alignment>0x1</alignment>
         <input_file_ref idref="fl-24"/>
      </object_component>
      <object_component id="oc-1f0">
         <name>.rodata.str1.10348868589481759720.1</name>
         <load_address>0x1000ad4d</load_address>
         <readonly>true</readonly>
         <run_address>0x1000ad4d</run_address>
         <size>0x11</size>
         <alignment>0x1</alignment>
         <input_file_ref idref="fl-55"/>
      </object_component>
      <object_component id="oc-1e2">
         <name>.rodata.str1.15363888844622738466.1</name>
         <load_address>0x1000ad5e</load_address>
         <readonly>true</readonly>
         <run_address>0x1000ad5e</run_address>
         <size>0x11</size>
         <alignment>0x1</alignment>
         <input_file_ref idref="fl-55"/>
      </object_component>
      <object_component id="oc-1c2">
         <name>.rodata.str1.17267243222896949810.1</name>
         <load_address>0x1000ad6f</load_address>
         <readonly>true</readonly>
         <run_address>0x1000ad6f</run_address>
         <size>0x11</size>
         <alignment>0x1</alignment>
         <input_file_ref idref="fl-1"/>
      </object_component>
      <object_component id="oc-1a9">
         <name>.rodata.cst16</name>
         <load_address>0x1000ad80</load_address>
         <readonly>true</readonly>
         <run_address>0x1000ad80</run_address>
         <size>0x10</size>
         <alignment>0x4</alignment>
         <input_file_ref idref="fl-4a"/>
      </object_component>
      <object_component id="oc-f7">
         <name>.rodata.str1.7665050639591401047.1</name>
         <load_address>0x1000ad90</load_address>
         <readonly>true</readonly>
         <run_address>0x1000ad90</run_address>
         <size>0x10</size>
         <alignment>0x1</alignment>
         <input_file_ref idref="fl-5"/>
      </object_component>
      <object_component id="oc-10b">
         <name>.rodata.str1.16610341092920495505.1</name>
         <load_address>0x1000ada0</load_address>
         <readonly>true</readonly>
         <run_address>0x1000ada0</run_address>
         <size>0xe</size>
         <alignment>0x1</alignment>
         <input_file_ref idref="fl-1a"/>
      </object_component>
      <object_component id="oc-e8">
         <name>.rodata.str1.15045101841335482992.1</name>
         <load_address>0x1000adae</load_address>
         <readonly>true</readonly>
         <run_address>0x1000adae</run_address>
         <size>0xc</size>
         <alignment>0x1</alignment>
         <input_file_ref idref="fl-20"/>
      </object_component>
      <object_component id="oc-f2">
         <name>.rodata.str1.1110950699750593627.1</name>
         <load_address>0x1000adba</load_address>
         <readonly>true</readonly>
         <run_address>0x1000adba</run_address>
         <size>0xb</size>
         <alignment>0x1</alignment>
         <input_file_ref idref="fl-1d"/>
      </object_component>
      <object_component id="oc-f1">
         <name>.rodata.str1.16023869474762219114.1</name>
         <load_address>0x1000adc5</load_address>
         <readonly>true</readonly>
         <run_address>0x1000adc5</run_address>
         <size>0xb</size>
         <alignment>0x1</alignment>
         <input_file_ref idref="fl-1d"/>
      </object_component>
      <object_component id="oc-152">
         <name>.rodata.str1.13904831470146863410.1</name>
         <load_address>0x1000add0</load_address>
         <readonly>true</readonly>
         <run_address>0x1000add0</run_address>
         <size>0xa</size>
         <alignment>0x1</alignment>
         <input_file_ref idref="fl-1e"/>
      </object_component>
      <object_component id="oc-10f">
         <name>.rodata.str1.14464947116831474962.1</name>
         <load_address>0x1000adda</load_address>
         <readonly>true</readonly>
         <run_address>0x1000adda</run_address>
         <size>0xa</size>
         <alignment>0x1</alignment>
         <input_file_ref idref="fl-21"/>
      </object_component>
      <object_component id="oc-110">
         <name>.rodata.str1.3510367808670815947.1</name>
         <load_address>0x1000ade4</load_address>
         <readonly>true</readonly>
         <run_address>0x1000ade4</run_address>
         <size>0xa</size>
         <alignment>0x1</alignment>
         <input_file_ref idref="fl-21"/>
      </object_component>
      <object_component id="oc-ee">
         <name>.rodata.str1.4130300029270759821.1</name>
         <load_address>0x1000adee</load_address>
         <readonly>true</readonly>
         <run_address>0x1000adee</run_address>
         <size>0xa</size>
         <alignment>0x1</alignment>
         <input_file_ref idref="fl-1c"/>
      </object_component>
      <object_component id="oc-18a">
         <name>.rodata.str1.3812075135949761193.1</name>
         <load_address>0x1000adf8</load_address>
         <readonly>true</readonly>
         <run_address>0x1000adf8</run_address>
         <size>0x9</size>
         <alignment>0x1</alignment>
         <input_file_ref idref="fl-20"/>
      </object_component>
      <object_component id="oc-137">
         <name>.rodata.str1.11380399268289618925.1</name>
         <load_address>0x1000ae01</load_address>
         <readonly>true</readonly>
         <run_address>0x1000ae01</run_address>
         <size>0x5</size>
         <alignment>0x1</alignment>
         <input_file_ref idref="fl-1"/>
      </object_component>
      <object_component id="oc-b4">
         <name>.TI.ramfunc.link2</name>
         <load_address>0x1000a200</load_address>
         <readonly>true</readonly>
         <executable>true</executable>
         <run_address>0x20100000</run_address>
         <size>0x254</size>
         <alignment>0x10</alignment>
         <input_file_ref idref="fl-1d"/>
      </object_component>
      <object_component id="oc-87">
         <name>.TI.ramfunc</name>
         <load_address>0x1000a460</load_address>
         <readonly>true</readonly>
         <executable>true</executable>
         <run_address>0x20100260</run_address>
         <size>0xa</size>
         <alignment>0x10</alignment>
         <input_file_ref idref="fl-20"/>
      </object_component>
      <object_component id="oc-131">
         <name>.data.tx_error</name>
         <load_address>0x200e24c1</load_address>
         <readwrite>true</readwrite>
         <run_address>0x200e24c1</run_address>
         <size>0xe</size>
         <alignment>0x1</alignment>
         <input_file_ref idref="fl-1"/>
      </object_component>
      <object_component id="oc-12f">
         <name>.bss.s_rx_buf</name>
         <uninitialized>true</uninitialized>
         <readwrite>true</readwrite>
         <run_address>0x200e2400</run_address>
         <size>0x7f</size>
         <alignment>0x1</alignment>
         <input_file_ref idref="fl-1"/>
      </object_component>
      <object_component id="oc-12e">
         <name>.bss.motor_speed</name>
         <uninitialized>true</uninitialized>
         <readwrite>true</readwrite>
         <run_address>0x200e24a4</run_address>
         <size>0x4</size>
         <alignment>0x4</alignment>
         <input_file_ref idref="fl-2"/>
      </object_component>
      <object_component id="oc-17d">
         <name>.bss.sensor_status</name>
         <uninitialized>true</uninitialized>
         <readwrite>true</readwrite>
         <run_address>0x200e24b4</run_address>
         <size>0x4</size>
         <alignment>0x4</alignment>
         <input_file_ref idref="fl-2"/>
      </object_component>
      <object_component id="oc-12c">
         <name>.bss.motor_status</name>
         <uninitialized>true</uninitialized>
         <readwrite>true</readwrite>
         <run_address>0x200e24ac</run_address>
         <size>0x4</size>
         <alignment>0x4</alignment>
         <input_file_ref idref="fl-2"/>
      </object_component>
      <object_component id="oc-118">
         <name>.bss.led_status</name>
         <uninitialized>true</uninitialized>
         <readwrite>true</readwrite>
         <run_address>0x200e249c</run_address>
         <size>0x4</size>
         <alignment>0x4</alignment>
         <input_file_ref idref="fl-3"/>
      </object_component>
      <object_component id="oc-117">
         <name>.bss.cpuTimer0IntCount</name>
         <uninitialized>true</uninitialized>
         <readwrite>true</readwrite>
         <run_address>0x200e2484</run_address>
         <size>0x4</size>
         <alignment>0x4</alignment>
         <input_file_ref idref="fl-3"/>
      </object_component>
      <object_component id="oc-119">
         <name>.bss.ePMW_isr_count</name>
         <uninitialized>true</uninitialized>
         <readwrite>true</readwrite>
         <run_address>0x200e248c</run_address>
         <size>0x4</size>
         <alignment>0x4</alignment>
         <input_file_ref idref="fl-3"/>
      </object_component>
      <object_component id="oc-fa">
         <name>.bss.Interrupt_initModule.initModuleDone</name>
         <uninitialized>true</uninitialized>
         <readwrite>true</readwrite>
         <run_address>0x200e24bc</run_address>
         <size>0x1</size>
         <alignment>0x4</alignment>
         <input_file_ref idref="fl-1f"/>
      </object_component>
      <object_component id="oc-fe">
         <name>.bss.Interrupt_initVectorTable.initVectorTableDone</name>
         <uninitialized>true</uninitialized>
         <readwrite>true</readwrite>
         <run_address>0x200e24c0</run_address>
         <size>0x1</size>
         <alignment>0x4</alignment>
         <input_file_ref idref="fl-1f"/>
      </object_component>
      <object_component id="oc-75">
         <name>.bss.__SECSP0_START</name>
         <uninitialized>true</uninitialized>
         <readwrite>true</readwrite>
         <run_address>0x200e2480</run_address>
         <size>0x4</size>
         <alignment>0x8</alignment>
         <input_file_ref idref="fl-4b"/>
      </object_component>
      <object_component id="oc-76">
         <name>.bss.__SECSP1_START</name>
         <uninitialized>true</uninitialized>
         <readwrite>true</readwrite>
         <run_address>0x200e2488</run_address>
         <size>0x4</size>
         <alignment>0x8</alignment>
         <input_file_ref idref="fl-4b"/>
      </object_component>
      <object_component id="oc-77">
         <name>.bss.__SECSP2_START</name>
         <uninitialized>true</uninitialized>
         <readwrite>true</readwrite>
         <run_address>0x200e2490</run_address>
         <size>0x4</size>
         <alignment>0x8</alignment>
         <input_file_ref idref="fl-4b"/>
      </object_component>
      <object_component id="oc-78">
         <name>.bss.__SECSP3_START</name>
         <uninitialized>true</uninitialized>
         <readwrite>true</readwrite>
         <run_address>0x200e2498</run_address>
         <size>0x4</size>
         <alignment>0x8</alignment>
         <input_file_ref idref="fl-4b"/>
      </object_component>
      <object_component id="oc-7a">
         <name>.bss.__SECSP4_START</name>
         <uninitialized>true</uninitialized>
         <readwrite>true</readwrite>
         <run_address>0x200e24a0</run_address>
         <size>0x4</size>
         <alignment>0x8</alignment>
         <input_file_ref idref="fl-4b"/>
      </object_component>
      <object_component id="oc-79">
         <name>.bss.__SECSP5_START</name>
         <uninitialized>true</uninitialized>
         <readwrite>true</readwrite>
         <run_address>0x200e24a8</run_address>
         <size>0x4</size>
         <alignment>0x8</alignment>
         <input_file_ref idref="fl-4b"/>
      </object_component>
      <object_component id="oc-7c">
         <name>.bss.__SECSP6_START</name>
         <uninitialized>true</uninitialized>
         <readwrite>true</readwrite>
         <run_address>0x200e24b0</run_address>
         <size>0x4</size>
         <alignment>0x8</alignment>
         <input_file_ref idref="fl-4b"/>
      </object_component>
      <object_component id="oc-7b">
         <name>.bss.__SECSP7_START</name>
         <uninitialized>true</uninitialized>
         <readwrite>true</readwrite>
         <run_address>0x200e24b8</run_address>
         <size>0x4</size>
         <alignment>0x8</alignment>
         <input_file_ref idref="fl-4b"/>
      </object_component>
      <object_component id="oc-1d3">
         <name>.bss.errno</name>
         <uninitialized>true</uninitialized>
         <readwrite>true</readwrite>
         <run_address>0x200e2494</run_address>
         <size>0x4</size>
         <alignment>0x4</alignment>
         <input_file_ref idref="fl-5d"/>
      </object_component>
      <object_component id="oc-2d">
         <name>.stack</name>
         <uninitialized>true</uninitialized>
         <readwrite>true</readwrite>
         <run_address>0x200e0000</run_address>
         <size>0x4</size>
         <alignment>0x8</alignment>
         <input_file_ref idref="fl-4b"/>
      </object_component>
      <object_component id="oc-260">
         <name>.stack</name>
         <uninitialized>true</uninitialized>
         <readwrite>true</readwrite>
         <run_address>0x200e0000</run_address>
         <size>0x0</size>
         <alignment>0x4</alignment>
      </object_component>
      <object_component id="oc-2b">
         <name>.sysmem</name>
         <uninitialized>true</uninitialized>
         <readwrite>true</readwrite>
         <run_address>0x200e2000</run_address>
         <size>0x10</size>
         <alignment>0x8</alignment>
         <input_file_ref idref="fl-48"/>
      </object_component>
      <object_component id="oc-261">
         <name>.sysmem</name>
         <uninitialized>true</uninitialized>
         <readwrite>true</readwrite>
         <run_address>0x200e2000</run_address>
         <size>0x0</size>
         <alignment>0x4</alignment>
      </object_component>
      <object_component id="oc-19">
         <name>.TI.bound:g_FPU64RFFTtwiddletable</name>
         <uninitialized>true</uninitialized>
         <readwrite>true</readwrite>
         <run_address>0x1000</run_address>
         <size>0x1fe0</size>
         <alignment>0x8</alignment>
         <input_file_ref idref="fl-23"/>
      </object_component>
      <object_component id="oc-1a">
         <name>.TI.bound:g_FPU64CFFTtwiddletable</name>
         <uninitialized>true</uninitialized>
         <readwrite>true</readwrite>
         <run_address>0x2fe0</run_address>
         <size>0x1800</size>
         <alignment>0x8</alignment>
         <input_file_ref idref="fl-23"/>
      </object_component>
      <object_component id="oc-1b">
         <name>.TI.bound:g_FPU32RFFTtwiddletable</name>
         <uninitialized>true</uninitialized>
         <readwrite>true</readwrite>
         <run_address>0x47e0</run_address>
         <size>0xff0</size>
         <alignment>0x4</alignment>
         <input_file_ref idref="fl-23"/>
      </object_component>
      <object_component id="oc-1c">
         <name>.TI.bound:g_FPU32CFFTtwiddletable</name>
         <uninitialized>true</uninitialized>
         <readwrite>true</readwrite>
         <run_address>0x57d0</run_address>
         <size>0xc00</size>
         <alignment>0x4</alignment>
         <input_file_ref idref="fl-23"/>
      </object_component>
      <object_component id="oc-15">
         <name>.TI.bound:g_bootromStatus</name>
         <uninitialized>true</uninitialized>
         <readwrite>true</readwrite>
         <run_address>0x20000800</run_address>
         <size>0xc0</size>
         <alignment>0x8</alignment>
         <input_file_ref idref="fl-23"/>
      </object_component>
      <object_component id="oc-17">
         <name>.TI.bound:g_socId</name>
         <uninitialized>true</uninitialized>
         <readwrite>true</readwrite>
         <run_address>0x20000980</run_address>
         <size>0xfc</size>
         <alignment>0x4</alignment>
         <input_file_ref idref="fl-23"/>
      </object_component>
      <object_component id="oc-18">
         <name>.TI.bound:g_devcalData</name>
         <uninitialized>true</uninitialized>
         <readwrite>true</readwrite>
         <run_address>0x20000edc</run_address>
         <size>0x10c</size>
         <alignment>0x4</alignment>
         <input_file_ref idref="fl-23"/>
      </object_component>
      <object_component id="oc-d4">
         <name>.debug_loc</name>
         <load_address>0x0</load_address>
         <run_address>0x0</run_address>
         <size>0x4f3</size>
         <alignment>0x1</alignment>
         <input_file_ref idref="fl-1"/>
      </object_component>
      <object_component id="oc-136">
         <name>.debug_loc</name>
         <load_address>0x4f3</load_address>
         <run_address>0x4f3</run_address>
         <size>0x1b8</size>
         <alignment>0x1</alignment>
         <input_file_ref idref="fl-2"/>
      </object_component>
      <object_component id="oc-8a">
         <name>.debug_loc</name>
         <load_address>0x6ab</load_address>
         <run_address>0x6ab</run_address>
         <size>0x6e</size>
         <alignment>0x1</alignment>
         <input_file_ref idref="fl-3"/>
      </object_component>
      <object_component id="oc-86">
         <name>.debug_loc</name>
         <load_address>0x719</load_address>
         <run_address>0x719</run_address>
         <size>0x256</size>
         <alignment>0x1</alignment>
         <input_file_ref idref="fl-4"/>
      </object_component>
      <object_component id="oc-33">
         <name>.debug_loc</name>
         <load_address>0x96f</load_address>
         <run_address>0x96f</run_address>
         <size>0x4d3</size>
         <alignment>0x1</alignment>
         <input_file_ref idref="fl-5"/>
      </object_component>
      <object_component id="oc-10e">
         <name>.debug_loc</name>
         <load_address>0xe42</load_address>
         <run_address>0xe42</run_address>
         <size>0x49</size>
         <alignment>0x1</alignment>
         <input_file_ref idref="fl-1a"/>
      </object_component>
      <object_component id="oc-af">
         <name>.debug_loc</name>
         <load_address>0xe8b</load_address>
         <run_address>0xe8b</run_address>
         <size>0x7b6</size>
         <alignment>0x1</alignment>
         <input_file_ref idref="fl-1c"/>
      </object_component>
      <object_component id="oc-f5">
[...]
         <value>0x200e24c1</value>
         <object_component_ref idref="oc-131"/>
      </symbol>
      <symbol id="sm-187">
         <name>LINK_Dispatch</name>
         <value>0x10008510</value>
         <object_component_ref idref="oc-132"/>
      </symbol>
      <symbol id="sm-188">
         <name>motor_speed</name>
         <value>0x200e24a4</value>
         <object_component_ref idref="oc-12e"/>
      </symbol>
      <symbol id="sm-189">
         <name>motor_status</name>
         <value>0x200e24ac</value>
         <object_component_ref idref="oc-12c"/>
      </symbol>
      <symbol id="sm-18a">
         <name>sensor_status</name>
         <value>0x200e24b4</value>
         <object_component_ref idref="oc-17d"/>
      </symbol>
      <symbol id="sm-1e6">
         <name>main</name>
         <value>0x1000a010</value>
         <object_component_ref idref="oc-6a"/>
      </symbol>
      <symbol id="sm-1e7">
         <name>INT_Timer_1ms_ISR</name>
         <value>0x100096f0</value>
         <object_component_ref idref="oc-cd"/>
      </symbol>
      <symbol id="sm-1e8">
         <name>cpuTimer0IntCount</name>
         <value>0x200e2484</value>
         <object_component_ref idref="oc-117"/>
      </symbol>
      <symbol id="sm-1e9">
         <name>led_status</name>
         <value>0x200e249c</value>
         <object_component_ref idref="oc-118"/>
      </symbol>
      <symbol id="sm-1ea">
         <name>INT_ePWM_MOTOR_ISR</name>
         <value>0x10007800</value>
         <object_component_ref idref="oc-ce"/>
      </symbol>
      <symbol id="sm-1eb">
         <name>ePMW_isr_count</name>
         <value>0x200e248c</value>
         <object_component_ref idref="oc-119"/>
      </symbol>
      <symbol id="sm-3fe">
         <name>Board_init</name>
         <value>0x100064c0</value>
         <object_component_ref idref="oc-81"/>
      </symbol>
      <symbol id="sm-3ff">
         <name>PinMux_init</name>
         <value>0x10008f10</value>
         <object_component_ref idref="oc-c0"/>
      </symbol>
      <symbol id="sm-400">
         <name>GPIO_init</name>
         <value>0x100083f0</value>
         <object_component_ref idref="oc-c1"/>
      </symbol>
      <symbol id="sm-401">
         <name>EPWM_init</name>
         <value>0x10006010</value>
         <object_component_ref idref="oc-c6"/>
      </symbol>
      <symbol id="sm-a70">
         <name>Device_init</name>
         <value>0x10007b10</value>
         <object_component_ref idref="oc-7f"/>
      </symbol>
      <symbol id="sm-a71">
         <name>CLOCK_init</name>
         <value>0x100053a0</value>
         <object_component_ref idref="oc-b8"/>
      </symbol>
      <symbol id="sm-a72">
         <name>Device_enableAllPeripherals</name>
         <value>0x10003920</value>
         <object_component_ref idref="oc-b9"/>
      </symbol>
      <symbol id="sm-a73">
         <name>__error__</name>
         <value>0x1000a100</value>
         <object_component_ref idref="oc-e9"/>
      </symbol>
      <symbol id="sm-a74">
         <name>certificate</name>
         <value>0x10000000</value>
         <object_component_ref idref="oc-13"/>
      </symbol>
      <symbol id="sm-a7f">
         <name>code_start</name>
         <value>0x10001000</value>
         <object_component_ref idref="oc-26"/>
      </symbol>
      <symbol id="sm-aa0">
         <name>CPUTimer_setEmulationMode</name>
         <value>0x10009370</value>
         <object_component_ref idref="oc-c2"/>
      </symbol>
      <symbol id="sm-c37">
         <name>ERAD_configCounterInStartStopMode</name>
         <value>0x100074b0</value>
         <object_component_ref idref="oc-ae"/>
      </symbol>
      <symbol id="sm-c76">
         <name>Flash_initModule</name>
         <value>0x20100000</value>
         <object_component_ref idref="oc-b4"/>
      </symbol>
      <symbol id="sm-d53">
         <name>GPIO_setDirectionMode</name>
         <value>0x10008620</value>
         <object_component_ref idref="oc-10a"/>
      </symbol>
      <symbol id="sm-d54">
         <name>GPIO_setPadConfig</name>
         <value>0x10007990</value>
         <object_component_ref idref="oc-107"/>
      </symbol>
      <symbol id="sm-d55">
         <name>GPIO_setQualificationMode</name>
         <value>0x10008840</value>
         <object_component_ref idref="oc-108"/>
      </symbol>
      <symbol id="sm-d56">
         <name>GPIO_setControllerCore</name>
         <value>0x10008730</value>
         <object_component_ref idref="oc-109"/>
      </symbol>
      <symbol id="sm-d57">
         <name>GPIO_setPinConfig</name>
         <value>0x10009ca0</value>
         <object_component_ref idref="oc-101"/>
      </symbol>
      <symbol id="sm-e14">
         <name>Interrupt_defaultHandler</name>
         <value>0x1000a1a0</value>
         <object_component_ref idref="oc-100"/>
      </symbol>
      <symbol id="sm-e15">
         <name>Interrupt_clearEsmEaFlags</name>
         <value>0x100081b0</value>
         <object_component_ref idref="oc-14f"/>
      </symbol>
      <symbol id="sm-e16">
         <name>Interrupt_defaultNMIHandler</name>
         <value>0x1000a040</value>
         <object_component_ref idref="oc-ff"/>
      </symbol>
      <symbol id="sm-e17">
         <name>Interrupt_initModule</name>
         <value>0x10009a80</value>
         <object_component_ref idref="oc-ba"/>
      </symbol>
      <symbol id="sm-e18">
         <name>Interrupt_initVectorTable</name>
         <value>0x10009d10</value>
         <object_component_ref idref="oc-bf"/>
      </symbol>
      <symbol id="sm-11f1">
         <name>SysCtl_delay</name>
         <value>0x20100260</value>
         <object_component_ref idref="oc-87"/>
      </symbol>
      <symbol id="sm-11f2">
         <name>SysCtl_pollSyncBusy</name>
         <value>0x10009430</value>
         <object_component_ref idref="oc-f8"/>
      </symbol>
      <symbol id="sm-11f3">
         <name>SysCtl_pollSyncBusyWd</name>
         <value>0x100094e0</value>
         <object_component_ref idref="oc-a2"/>
      </symbol>
      <symbol id="sm-11f4">
         <name>SysCtl_selectXTAL</name>
         <value>0x10006b70</value>
         <object_component_ref idref="oc-184"/>
      </symbol>
      <symbol id="sm-11f5">
         <name>SysCtl_selectXTALSingleEnded</name>
         <value>0x10007660</value>
         <object_component_ref idref="oc-185"/>
      </symbol>
      <symbol id="sm-11f6">
         <name>SysCtl_selectOscSource</name>
         <value>0x10007c70</value>
         <object_component_ref idref="oc-14d"/>
      </symbol>
      <symbol id="sm-11f7">
         <name>SysCtl_isPLLValid</name>
         <value>0x10004040</value>
         <object_component_ref idref="oc-14e"/>
      </symbol>
      <symbol id="sm-11f8">
         <name>SysCtl_getClock</name>
         <value>0x10007dd0</value>
         <object_component_ref idref="oc-f9"/>
      </symbol>
      <symbol id="sm-11f9">
         <name>SysCtl_setClock</name>
         <value>0x10003140</value>
         <object_component_ref idref="oc-f6"/>
      </symbol>
      <symbol id="sm-1268">
         <name>UART_setConfig</name>
         <value>0x10006940</value>
         <object_component_ref idref="oc-c7"/>
      </symbol>
      <symbol id="sm-1269">
         <name>UART_writeCharArray</name>
         <value>0x10008b50</value>
         <object_component_ref idref="oc-13e"/>
      </symbol>
      <symbol id="sm-17c2">
         <name>XBAR_selectEpwmXbarInputSource</name>
         <value>0x10009fa0</value>
         <object_component_ref idref="oc-a8"/>
      </symbol>
      <symbol id="sm-18b6">
         <name>g_bootromStatus</name>
         <value>0x20000800</value>
         <object_component_ref idref="oc-15"/>
      </symbol>
      <symbol id="sm-18b7">
         <name>g_socId</name>
         <value>0x20000980</value>
         <object_component_ref idref="oc-17"/>
      </symbol>
      <symbol id="sm-18b8">
         <name>g_devcalData</name>
         <value>0x20000edc</value>
         <object_component_ref idref="oc-18"/>
      </symbol>
      <symbol id="sm-18b9">
         <name>g_FPU64RFFTtwiddletable</name>
         <value>0x1000</value>
         <object_component_ref idref="oc-19"/>
      </symbol>
      <symbol id="sm-18ba">
         <name>g_FPU64CFFTtwiddletable</name>
         <value>0x2fe0</value>
         <object_component_ref idref="oc-1a"/>
      </symbol>
      <symbol id="sm-18bb">
         <name>g_FPU32RFFTtwiddletable</name>
         <value>0x47e0</value>
         <object_component_ref idref="oc-1b"/>
      </symbol>
      <symbol id="sm-18bc">
         <name>g_FPU32CFFTtwiddletable</name>
         <value>0x57d0</value>
         <object_component_ref idref="oc-1c"/>
      </symbol>
      <symbol id="sm-1947">
         <name>ErrorAggregator_getCpuErrorInfo</name>
         <value>0x10007140</value>
         <object_component_ref idref="oc-18b"/>
      </symbol>
      <symbol id="sm-1948">
         <name>ErrorAggregator_getRtdmaErrorInfo</name>
         <value>0x10007f30</value>
         <object_component_ref idref="oc-191"/>
      </symbol>
      <symbol id="sm-1949">
         <name>ErrorAggregator_getSsuErrorInfo</name>
         <value>0x10008e20</value>
         <object_component_ref idref="oc-192"/>
      </symbol>
      <symbol id="sm-194a">
         <name>ErrorAggregator_getEthercatErrorInfo</name>
         <value>0x10008d30</value>
         <object_component_ref idref="oc-193"/>
      </symbol>
      <symbol id="sm-194b">
         <name>ErrorAggregator_clearCpuError</name>
         <value>0x100090e0</value>
         <object_component_ref idref="oc-194"/>
      </symbol>
      <symbol id="sm-194c">
         <name>ErrorAggregator_clearRtdmaError</name>
         <value>0x100091c0</value>
         <object_component_ref idref="oc-195"/>
      </symbol>
      <symbol id="sm-194d">
         <name>ErrorAggregator_clearSsuError</name>
         <value>0x10009830</value>
         <object_component_ref idref="oc-196"/>
      </symbol>
      <symbol id="sm-194e">
         <name>ErrorAggregator_clearEthercatError</name>
         <value>0x10009790</value>
         <object_component_ref idref="oc-197"/>
      </symbol>
      <symbol id="sm-19d9">
         <name>sinf</name>
         <value>0x10004740</value>
         <object_component_ref idref="oc-126"/>
      </symbol>
      <symbol id="sm-1a0a">
         <name>sprintf</name>
         <value>0x10009ed0</value>
         <object_component_ref idref="oc-138"/>
      </symbol>
      <symbol id="sm-1a20">
         <name>memcpy</name>
         <value>0x10008c40</value>
         <object_component_ref idref="oc-3b"/>
      </symbol>
      <symbol id="sm-1a36">
         <name>abort</name>
         <value>0x1000a1b0</value>
         <object_component_ref idref="oc-8b"/>
      </symbol>
      <symbol id="sm-1a37">
         <name>C$$EXIT</name>
         <value>0x1000a1b0</value>
         <object_component_ref idref="oc-8b"/>
      </symbol>
      <symbol id="sm-1a42">
         <name>_ctypes_</name>
         <value>0x1000ab6c</value>
         <object_component_ref idref="oc-178"/>
      </symbol>
      <symbol id="sm-1ae4">
         <name>_sys_memory</name>
         <value>0x200e2000</value>
         <object_component_ref idref="oc-2b"/>
      </symbol>
      <symbol id="sm-1afa">
         <name>memset</name>
         <value>0x10009e80</value>
         <object_component_ref idref="oc-56"/>
      </symbol>
      <symbol id="sm-1b52">
         <name>__kernel_rem_pio2</name>
         <value>0x10002250</value>
         <object_component_ref idref="oc-16e"/>
      </symbol>
      <symbol id="sm-1b93">
         <name>__stack</name>
         <value>0x200e0000</value>
         <object_component_ref idref="oc-2d"/>
      </symbol>
      <symbol id="sm-1b94">
         <name>_c_int00_noargs</name>
         <value>0x10009de0</value>
         <object_component_ref idref="oc-5e"/>
      </symbol>
      <symbol id="sm-1b95">
         <name>__SECSP0_START</name>
         <value>0x200e2480</value>
         <object_component_ref idref="oc-75"/>
      </symbol>
      <symbol id="sm-1b96">
         <name>__SECSP1_START</name>
         <value>0x200e2488</value>
         <object_component_ref idref="oc-76"/>
      </symbol>
      <symbol id="sm-1b97">
         <name>__SECSP2_START</name>
         <value>0x200e2490</value>
         <object_component_ref idref="oc-77"/>
      </symbol>
      <symbol id="sm-1b98">
         <name>__SECSP3_START</name>
         <value>0x200e2498</value>
         <object_component_ref idref="oc-78"/>
      </symbol>
      <symbol id="sm-1b99">
         <name>__SECSP5_START</name>
         <value>0x200e24a8</value>
         <object_component_ref idref="oc-79"/>
      </symbol>
      <symbol id="sm-1b9a">
         <name>__SECSP4_START</name>
         <value>0x200e24a0</value>
         <object_component_ref idref="oc-7a"/>
      </symbol>
      <symbol id="sm-1b9b">
         <name>__SECSP7_START</name>
         <value>0x200e24b8</value>
         <object_component_ref idref="oc-7b"/>
      </symbol>
      <symbol id="sm-1b9c">
         <name>__SECSP6_START</name>
         <value>0x200e24b0</value>
         <object_component_ref idref="oc-7c"/>
      </symbol>
      <symbol id="sm-1bf7">
         <name>__TI_auto_init_nopinit</name>
         <value>0x10009640</value>
         <object_component_ref idref="oc-99"/>
      </symbol>
      <symbol id="sm-1c05">
         <name>_system_pre_init</name>
         <value>0x1000a1e0</value>
         <object_component_ref idref="oc-66"/>
      </symbol>
      <symbol id="sm-1c12">
         <name>_system_post_cinit</name>
         <value>0x1000a1f0</value>
         <object_component_ref idref="oc-de"/>
      </symbol>
      <symbol id="sm-1c42">
         <name>copy_in</name>
         <value>0x10009000</value>
         <object_component_ref idref="oc-e4"/>
      </symbol>
      <symbol id="sm-1c6d">
         <name>__TI_zero_init_nomemset</name>
         <value>0x1000a0c0</value>
         <object_component_ref idref="oc-42"/>
      </symbol>
      <symbol id="sm-1c87">
         <name>__TI_decompress_none</name>
         <value>0x1000a120</value>
         <object_component_ref idref="oc-21"/>
      </symbol>
      <symbol id="sm-1cb9">
         <name>__TI_decompress_lzss</name>
         <value>0x10004d90</value>
         <object_component_ref idref="oc-1d"/>
      </symbol>
      <symbol id="sm-1cdc">
         <name>floor</name>
         <value>0x10006d70</value>
         <object_component_ref idref="oc-1af"/>
      </symbol>
      <symbol id="sm-1cdd">
         <name>floorl</name>
         <value>0x10006d70</value>
         <object_component_ref idref="oc-1af"/>
      </symbol>
      <symbol id="sm-1cff">
         <name>scalbn</name>
         <value>0x10006270</value>
         <object_component_ref idref="oc-1ab"/>
      </symbol>
      <symbol id="sm-1d00">
         <name>ldexp</name>
         <value>0x10006270</value>
         <object_component_ref idref="oc-1ab"/>
      </symbol>
      <symbol id="sm-1d01">
         <name>scalbnl</name>
         <value>0x10006270</value>
         <object_component_ref idref="oc-1ab"/>
      </symbol>
      <symbol id="sm-1d02">
         <name>ldexpl</name>
         <value>0x10006270</value>
         <object_component_ref idref="oc-1ab"/>
      </symbol>
      <symbol id="sm-1f89">
         <name>__TI_printfi_nofloat</name>
         <value>0x10001020</value>
         <object_component_ref idref="oc-1c9"/>
      </symbol>
      <symbol id="sm-1fa5">
         <name>atoi</name>
         <value>0x100082d0</value>
         <object_component_ref idref="oc-1e5"/>
      </symbol>
      <symbol id="sm-1fc2">
         <name>memccpy</name>
         <value>0x10009f60</value>
         <object_component_ref idref="oc-1de"/>
      </symbol>
      <symbol id="sm-1fcb">
         <name>errno</name>
         <value>0x200e2494</value>
         <object_component_ref idref="oc-1d3"/>
      </symbol>
      <symbol id="sm-1fe1">
         <name>wcslen</name>
         <value>0x10009c20</value>
         <object_component_ref idref="oc-1e9"/>
      </symbol>
      <symbol id="sm-2054">
         <name>__adddf3</name>
         <value>0x10005820</value>
         <object_component_ref idref="oc-162"/>
      </symbol>
      <symbol id="sm-20ab">
         <name>__ledf2</name>
         <value>0x10009960</value>
         <object_component_ref idref="oc-1b9"/>
      </symbol>
      <symbol id="sm-20ac">
         <name>__gedf2</name>
         <value>0x100098d0</value>
         <object_component_ref idref="oc-1b3"/>
      </symbol>
      <symbol id="sm-20ad">
         <name>__cmpdf2</name>
         <value>0x10009960</value>
         <object_component_ref idref="oc-1b9"/>
      </symbol>
      <symbol id="sm-20ae">
         <name>__eqdf2</name>
         <value>0x10009960</value>
         <object_component_ref idref="oc-1b9"/>
      </symbol>
      <symbol id="sm-20af">
         <name>__ltdf2</name>
         <value>0x10009960</value>
         <object_component_ref idref="oc-1b9"/>
      </symbol>
      <symbol id="sm-20b0">
         <name>__nedf2</name>
         <value>0x10009960</value>
         <object_component_ref idref="oc-1b9"/>
      </symbol>
      <symbol id="sm-20b1">
         <name>__gtdf2</name>
         <value>0x100098d0</value>
         <object_component_ref idref="oc-1b3"/>
      </symbol>
      <symbol id="sm-210a">
         <name>__extendsfdf2</name>
         <value>0x10009590</value>
         <object_component_ref idref="oc-11a"/>
      </symbol>
      <symbol id="sm-2137">
         <name>__fixdfsi</name>
         <value>0x10009ba0</value>
         <object_component_ref idref="oc-16a"/>
      </symbol>
      <symbol id="sm-2151">
         <name>__fe_getround</name>
         <value>0x1000a1c0</value>
         <object_component_ref idref="oc-198"/>
      </symbol>
      <symbol id="sm-2152">
         <name>__fe_raise_inexact</name>
         <value>0x1000a1d0</value>
         <object_component_ref idref="oc-19d"/>
      </symbol>
      <symbol id="sm-21c1">
         <name>__muldf3</name>
         <value>0x10005c40</value>
         <object_component_ref idref="oc-11e"/>
      </symbol>
      <symbol id="sm-21d3">
         <name>__subdf3</name>
         <value>0x1000a0a0</value>
         <object_component_ref idref="oc-166"/>
      </symbol>
      <symbol id="sm-2248">
         <name>__truncdfsf2</name>
         <value>0x10006f70</value>
         <object_component_ref idref="oc-122"/>
      </symbol>
      <symbol id="sm-225a">
         <name>__divsf3</name>
         <value>0x1000a070</value>
         <object_component_ref idref="oc-186"/>
      </symbol>
      <symbol id="sm-2270">
         <name>__udivdi3</name>
         <value>0x10009b10</value>
         <object_component_ref idref="oc-1f1"/>
      </symbol>
      <symbol id="sm-2287">
         <name>__udivsi3</name>
         <value>0x10009fe0</value>
         <object_component_ref idref="oc-111"/>
      </symbol>
      <symbol id="sm-228a">
         <name>__LINK2_AP_OVERRIDE</name>
         <value>0x0</value>
      </symbol>
      <symbol id="sm-228b">
         <name>__SECSP1</name>
         <value>0x0</value>
      </symbol>
      <symbol id="sm-228c">
         <name>__SECSP0</name>
         <value>0x0</value>
      </symbol>
      <symbol id="sm-228d">
         <name>__SECSP3</name>
         <value>0x0</value>
      </symbol>
      <symbol id="sm-228e">
         <name>__SECSP2</name>
         <value>0x0</value>
      </symbol>
      <symbol id="sm-228f">
         <name>__SECSP4</name>
         <value>0x0</value>
      </symbol>
      <symbol id="sm-2290">
         <name>__SECSP5</name>
         <value>0x0</value>
      </symbol>
      <symbol id="sm-2291">
         <name>__SECSP7</name>
         <value>0x0</value>
      </symbol>
      <symbol id="sm-2292">
         <name>__SECSP6</name>
         <value>0x0</value>
      </symbol>
   </symbol_table>
   <title>Link successful</title>
</link_info>
